
[Fri May 09 20:14:56.714 2014] Digital core power voltage set to 1.0V
[Fri May 09 20:14:56.714 2014] Decompressing...done
[Fri May 09 20:14:59.428 2014] Digital core power voltage set to 1.0V
[Fri May 09 20:14:59.428 2014] 
[Fri May 09 20:14:59.428 2014] SHMOO VER 1.13
[Fri May 09 20:14:59.444 2014] 
[Fri May 09 20:14:59.444 2014] PKID07DC06011801080000000000001A103F01000000
[Fri May 09 20:14:59.444 2014] 
[Fri May 09 20:14:59.444 2014] S300001DB
[Fri May 09 20:14:59.444 2014] 000013B0
[Fri May 09 20:14:59.444 2014] 
[Fri May 09 20:14:59.459 2014] 
[Fri May 09 20:14:59.459 2014] RDLYW0 00000004
[Fri May 09 20:14:59.459 2014] 
[Fri May 09 20:14:59.459 2014] RDENW0 00000035
[Fri May 09 20:14:59.522 2014] 
[Fri May 09 20:14:59.522 2014] RDQSW0 
[Fri May 09 20:14:59.522 2014] 
[Fri May 09 20:14:59.522 2014]     0000000000111111111122222222223333333333444444444455555555556666
[Fri May 09 20:14:59.537 2014]     0123456789012345678901234567890123456789012345678901234567890123
[Fri May 09 20:14:59.537 2014]  00 ----+++++++++++++++++++++++++X+++++++++++++++++++++++++---------
[Fri May 09 20:14:59.537 2014]  01 ---------+++++++++++++++++++++++++X++++++++++++++++++++++++-----
[Fri May 09 20:14:59.584 2014]  02 ----++++++++++++++++++++++++X++++++++++++++++++++++++-----------
[Fri May 09 20:14:59.584 2014]  03 -------+++++++++++++++++++++++X+++++++++++++++++++++++----------
[Fri May 09 20:14:59.584 2014]  04 --++++++++++++++++++++++++X+++++++++++++++++++++++--------------
[Fri May 09 20:14:59.584 2014]  05 ------+++++++++++++++++++++++++X+++++++++++++++++++++++++-------
[Fri May 09 20:14:59.584 2014]  06 ----++++++++++++++++++++++++X+++++++++++++++++++++++------------
[Fri May 09 20:14:59.600 2014]  07 --------+++++++++++++++++++++++++X++++++++++++++++++++++++------
[Fri May 09 20:14:59.600 2014]  08 ------+++++++++++++++++++++++X++++++++++++++++++++++------------
[Fri May 09 20:14:59.600 2014]  09 ------------++++++++++++++++++++++++X++++++++++++++++++++++++---
[Fri May 09 20:14:59.600 2014]  10 ------+++++++++++++++++++++++++X++++++++++++++++++++++++--------
[Fri May 09 20:14:59.600 2014]  11 -------------+++++++++++++++++++++++X++++++++++++++++++++++-----
[Fri May 09 20:14:59.615 2014]  12 ------++++++++++++++++++++++++X+++++++++++++++++++++++----------
[Fri May 09 20:14:59.615 2014]  13 -------------++++++++++++++++++++++X++++++++++++++++++++++------
[Fri May 09 20:14:59.615 2014]  14 --------++++++++++++++++++++++++X+++++++++++++++++++++++--------
[Fri May 09 20:14:59.631 2014]  15 ------------++++++++++++++++++++++++X++++++++++++++++++++++++---
[Fri May 09 20:14:59.631 2014] 
[Fri May 09 20:14:59.678 2014] 
[Fri May 09 20:14:59.678 2014] PW0 
[Fri May 09 20:14:59.678 2014] 
[Fri May 09 20:14:59.678 2014]     0000000000111111111122222222223333333333444444444455555555556666
[Fri May 09 20:14:59.693 2014]     0123456789012345678901234567890123456789012345678901234567890123
[Fri May 09 20:14:59.693 2014]  00 --++++++++++++++++++++++++++X++++++++++++++++++++++++++---------
[Fri May 09 20:14:59.709 2014]  01 ------++++++++++++++++++++++++++X++++++++++++++++++++++++++-----
[Fri May 09 20:14:59.709 2014]  02 ++++++++++++++++++++++++++X++++++++++++++++++++++++++-----------
[Fri May 09 20:14:59.725 2014]  03 --++++++++++++++++++++++++++X+++++++++++++++++++++++++----------
[Fri May 09 20:14:59.725 2014]  04 +++++++++++++++++++++++++X++++++++++++++++++++++++--------------
[Fri May 09 20:14:59.725 2014]  05 ----++++++++++++++++++++++++++X++++++++++++++++++++++++++-------
[Fri May 09 20:14:59.740 2014]  06 +++++++++++++++++++++++++X+++++++++++++++++++++++++-------------
[Fri May 09 20:14:59.740 2014]  07 -----++++++++++++++++++++++++++X++++++++++++++++++++++++++------
[Fri May 09 20:14:59.756 2014]  08 --+++++++++++++++++++++++++X++++++++++++++++++++++++------------
[Fri May 09 20:14:59.756 2014]  09 --------++++++++++++++++++++++++++X++++++++++++++++++++++++++---
[Fri May 09 20:14:59.771 2014]  10 -+++++++++++++++++++++++++++X+++++++++++++++++++++++++++--------
[Fri May 09 20:14:59.771 2014]  11 --------+++++++++++++++++++++++++X+++++++++++++++++++++++++-----
[Fri May 09 20:14:59.787 2014]  12 ---+++++++++++++++++++++++++X++++++++++++++++++++++++-----------
[Fri May 09 20:14:59.787 2014]  13 -------+++++++++++++++++++++++++X+++++++++++++++++++++++++------
[Fri May 09 20:14:59.787 2014]  14 ----++++++++++++++++++++++++++X+++++++++++++++++++++++++--------
[Fri May 09 20:14:59.803 2014]  15 --------++++++++++++++++++++++++++X++++++++++++++++++++++++++---
[Fri May 09 20:14:59.803 2014] 
[Fri May 09 20:14:59.849 2014] 
[Fri May 09 20:14:59.849 2014] NW0 
[Fri May 09 20:14:59.849 2014] 
[Fri May 09 20:14:59.849 2014]     0000000000111111111122222222223333333333444444444455555555556666
[Fri May 09 20:14:59.849 2014]     0123456789012345678901234567890123456789012345678901234567890123
[Fri May 09 20:14:59.865 2014]  00 ----++++++++++++++++++++++++++X++++++++++++++++++++++++++-------
[Fri May 09 20:14:59.865 2014]  01 ---------+++++++++++++++++++++++++++X+++++++++++++++++++++++++--
[Fri May 09 20:14:59.865 2014]  02 ----++++++++++++++++++++++++++X+++++++++++++++++++++++++--------
[Fri May 09 20:14:59.881 2014]  03 ------+++++++++++++++++++++++++X++++++++++++++++++++++++--------
[Fri May 09 20:14:59.881 2014]  04 --+++++++++++++++++++++++++X++++++++++++++++++++++++------------
[Fri May 09 20:14:59.896 2014]  05 ------+++++++++++++++++++++++++X+++++++++++++++++++++++++-------
[Fri May 09 20:14:59.896 2014]  06 ---+++++++++++++++++++++++++X++++++++++++++++++++++++-----------
[Fri May 09 20:14:59.896 2014]  07 --------+++++++++++++++++++++++++X+++++++++++++++++++++++++-----
[Fri May 09 20:14:59.912 2014]  08 ------+++++++++++++++++++++++X+++++++++++++++++++++++-----------
[Fri May 09 20:14:59.912 2014]  09 ------------++++++++++++++++++++++++X++++++++++++++++++++++++---
[Fri May 09 20:14:59.912 2014]  10 ------+++++++++++++++++++++++++X+++++++++++++++++++++++++-------
[Fri May 09 20:14:59.927 2014]  11 -------------+++++++++++++++++++++++X+++++++++++++++++++++++----
[Fri May 09 20:14:59.927 2014]  12 ------++++++++++++++++++++++++X++++++++++++++++++++++++---------
[Fri May 09 20:14:59.943 2014]  13 -------------++++++++++++++++++++++++X+++++++++++++++++++++++---
[Fri May 09 20:14:59.943 2014]  14 --------+++++++++++++++++++++++++X++++++++++++++++++++++++------
[Fri May 09 20:14:59.943 2014]  15 ------------++++++++++++++++++++++++X++++++++++++++++++++++++---
[Fri May 09 20:14:59.959 2014] 
[Fri May 09 20:15:00.005 2014] 
[Fri May 09 20:15:00.005 2014] WRDQW0 
[Fri May 09 20:15:00.005 2014] 
[Fri May 09 20:15:00.005 2014]     0000000000111111111122222222223333333333444444444455555555556666
[Fri May 09 20:15:00.021 2014]     0123456789012345678901234567890123456789012345678901234567890123
[Fri May 09 20:15:00.021 2014]  00 ++++++++++++++++++++++X++++++++++++++++++++++---------+++++++++-
[Fri May 09 20:15:00.037 2014]  01 ++++++++++++++++++++++++X++++++++++++++++++++++++--------++++++-
[Fri May 09 20:15:00.037 2014]  02 +++++++++++++++++++++++++X++++++++++++++++++++++++-------++++++-
[Fri May 09 20:15:00.037 2014]  03 +++++++++++++++++++++++X+++++++++++++++++++++++---------+++++++-
[Fri May 09 20:15:00.052 2014]  04 ++++++++++++++++++++++X++++++++++++++++++++++----------++++++++-
[Fri May 09 20:15:00.052 2014]  05 ++++++++++++++++++++++++X+++++++++++++++++++++++--------+++++++-
[Fri May 09 20:15:00.052 2014]  06 ++++++++++++++++++++++X+++++++++++++++++++++-----------++++++++-
[Fri May 09 20:15:00.068 2014]  07 ++++++++++++++++++++++++X++++++++++++++++++++++++---------+++++-
[Fri May 09 20:15:00.068 2014]  08 ++++++++++++++++++++++X++++++++++++++++++++++----------++++++++-
[Fri May 09 20:15:00.083 2014]  09 ----+++++++++++++++++++++++X++++++++++++++++++++++--------------
[Fri May 09 20:15:00.083 2014]  10 ++++++++++++++++++++++++X+++++++++++++++++++++++---------++++++-
[Fri May 09 20:15:00.083 2014]  11 -----++++++++++++++++++++++X+++++++++++++++++++++---------------
[Fri May 09 20:15:00.099 2014]  12 ++++++++++++++++++++++++X+++++++++++++++++++++++--------+++++++-
[Fri May 09 20:15:00.099 2014]  13 ----++++++++++++++++++++++X++++++++++++++++++++++---------------
[Fri May 09 20:15:00.099 2014]  14 -++++++++++++++++++++++++X+++++++++++++++++++++++----------++++-
[Fri May 09 20:15:00.115 2014]  15 -----++++++++++++++++++++++X+++++++++++++++++++++---------------
[Fri May 09 20:15:00.115 2014] 
[Fri May 09 20:15:00.115 2014] 
[Fri May 09 20:15:00.115 2014] WRDMW0 00000023
[Fri May 09 20:15:00.115 2014] WRDMW0 00000025
[Fri May 09 20:15:00.130 2014] 
[Fri May 09 20:15:00.583 2014] 
[Fri May 09 20:15:00.583 2014] ADDR
[Fri May 09 20:15:00.598 2014] 
[Fri May 09 20:15:00.598 2014]     0000000000111111111122222222223333333333444444444455555555556666
[Fri May 09 20:15:00.598 2014]     0123456789012345678901234567890123456789012345678901234567890123
[Fri May 09 20:15:00.598 2014]  00 +++++++++++++++++++S+++++++++++X++++++++++++++++++++++++++++++++
[Fri May 09 20:15:00.614 2014] 
[Fri May 09 20:15:00.614 2014] Decompressing...done
[Fri May 09 20:15:02.314 2014] 
[Fri May 09 20:15:02.314 2014] 
[Fri May 09 20:15:02.314 2014] CFE for Foxconn Router R7000 version: v1.0.21
[Fri May 09 20:15:02.330 2014] Build Date: Wed Aug  7 19:11:17 CST 2013 
[Fri May 09 20:15:02.330 2014] Init Arena
[Fri May 09 20:15:02.330 2014] Init Devs.
[Fri May 09 20:15:02.330 2014] Boot up from NAND flash...
[Fri May 09 20:15:02.330 2014] Bootcode Boot partition size = 524288(0x80000)
[Fri May 09 20:15:02.345 2014] DDR Clock: 800 MHz
[Fri May 09 20:15:02.345 2014] Info: DDR frequency set from clkfreq=1000,*800*
[Fri May 09 20:15:07.039 2014] et0: Broadcom BCM47XX 10/100/1000 Mbps Ethernet Controller 6.37.15.1 (r407936)
[Fri May 09 20:15:07.055 2014] CPU type 0x0: 1000MHz
[Fri May 09 20:15:07.055 2014] Tot mem: 262144 KBytes
[Fri May 09 20:15:07.055 2014] 
[Fri May 09 20:15:07.102 2014] Device eth0:  hwaddr 04-A1-51-38-66-E9, ipaddr 192.168.1.1, mask 255.255.255.0
[Fri May 09 20:15:07.102 2014]         gateway not set, nameserver not set
[Fri May 09 20:15:11.142 2014] Checking crc...Loader:raw Filesys:raw Dev:nflash0.os File: Options:(null)
[Fri May 09 20:15:17.055 2014] Loading: ..... 4778464 bytes read
[Fri May 09 20:15:22.499 2014] Entry at 0x00008000
[Fri May 09 20:15:22.499 2014] Closing network.
[Fri May 09 20:15:22.515 2014] Starting program at 0x00008000
[Fri May 09 20:15:24.605 2014] console [ttyS0] enabled, bootconsole disabled
[Fri May 09 20:15:24.621 2014] serial8250.0: ttyS1 at MMIO 0x18000400 (irq = 117) is a 16550
[Fri May 09 20:15:24.621 2014] brd: module loaded
[Fri May 09 20:15:24.636 2014] loop: module loaded
[Fri May 09 20:15:24.636 2014] pflash: found no supported devices
[Fri May 09 20:15:24.636 2014] bcmsflash: found no supported devices
[Fri May 09 20:15:24.714 2014] Boot partition size = 524288(0x80000)
[Fri May 09 20:15:24.714 2014] lookup_nflash_rootfs_offset: offset = 0x200000
[Fri May 09 20:15:24.714 2014] nflash: squash filesystem with lzma found at block 31
[Fri May 09 20:15:24.730 2014] Creating 17 MTD partitions on "nflash":
[Fri May 09 20:15:24.730 2014] 0x000000000000-0x000000080000 : "boot"
[Fri May 09 20:15:24.730 2014] 0x000000080000-0x000000200000 : "nvram"
[Fri May 09 20:15:24.746 2014] 0x000000200000-0x000002200000 : "linux"
[Fri May 09 20:15:24.746 2014] 0x0000003e0418-0x000002200000 : "rootfs"
[Fri May 09 20:15:24.746 2014] 0x000002200000-0x000002240000 : "board_data"
[Fri May 09 20:15:24.746 2014] 0x000002240000-0x000002280000 : "POT1"
[Fri May 09 20:15:24.761 2014] 0x000002280000-0x0000022c0000 : "POT2"
[Fri May 09 20:15:24.761 2014] 0x0000022c0000-0x000002340000 : "T_Meter1"
[Fri May 09 20:15:24.761 2014] 0x000002340000-0x0000023c0000 : "T_Meter2"
[Fri May 09 20:15:24.777 2014] 0x0000023c0000-0x000002400000 : "ML1"
[Fri May 09 20:15:24.777 2014] 0x000002400000-0x000002440000 : "ML2"
[Fri May 09 20:15:24.777 2014] 0x000002440000-0x000002480000 : "ML3"
[Fri May 09 20:15:24.792 2014] 0x000002480000-0x0000024c0000 : "ML4"
[Fri May 09 20:15:24.792 2014] 0x0000024c0000-0x000002500000 : "ML5"
[Fri May 09 20:15:24.792 2014] 0x000002500000-0x000002540000 : "ML6"
[Fri May 09 20:15:24.792 2014] 0x000002540000-0x000002580000 : "ML7"
[Fri May 09 20:15:24.808 2014] 0x000002580000-0x0000025c0000 : "QoSRule"
[Fri May 09 20:15:24.808 2014] PPP generic driver version 2.4.2
[Fri May 09 20:15:24.808 2014] NET: Registered protocol family 24
[Fri May 09 20:15:24.824 2014] PPPoL2TP kernel driver, V0.17
[Fri May 09 20:15:24.824 2014] tun: Universal TUN/TAP device driver, 1.6
[Fri May 09 20:15:24.824 2014] tun: (C) 1999-2004 Max Krasnyansky <maxk@qualcomm.com>
[Fri May 09 20:15:24.824 2014] ehci_hcd: USB 2.0 'Enhanced' Host Controller (EHCI) Driver
[Fri May 09 20:15:24.839 2014] ehci_hcd 0000:00:0b.1: EHCI Host Controller
[Fri May 09 20:15:24.839 2014] ehci_hcd 0000:00:0b.1: new USB bus registered, assigned bus number 1
[Fri May 09 20:15:24.870 2014] ehci_hcd 0000:00:0b.1: irq 111, io mem 0x18021000
[Fri May 09 20:15:24.902 2014] ehci_hcd 0000:00:0b.1: USB 0.0 started, EHCI 1.00
[Fri May 09 20:15:24.902 2014] hub 1-0:1.0: USB hub found
[Fri May 09 20:15:24.902 2014] hub 1-0:1.0: 2 ports detected
[Fri May 09 20:15:24.917 2014] ohci_hcd: USB 1.1 'Open' Host Controller (OHCI) Driver
[Fri May 09 20:15:24.917 2014] ohci_hcd 0000:00:0b.0: OHCI Host Controller
[Fri May 09 20:15:24.917 2014] ohci_hcd 0000:00:0b.0: new USB bus registered, assigned bus number 2
[Fri May 09 20:15:24.933 2014] ohci_hcd 0000:00:0b.0: irq 111, io mem 0x18022000
[Fri May 09 20:15:24.995 2014] hub 2-0:1.0: USB hub found
[Fri May 09 20:15:24.995 2014] hub 2-0:1.0: 2 ports detected
[Fri May 09 20:15:25.011 2014] xhci_hcd 0000:00:0c.0: xHCI Host Controller
[Fri May 09 20:15:25.011 2014] xhci_hcd 0000:00:0c.0: new USB bus registered, assigned bus number 3
[Fri May 09 20:15:25.011 2014] xhci_hcd 0000:00:0c.0: irq 112, io mem 0x18023000
[Fri May 09 20:15:25.026 2014] xhci_hcd 0000:00:0c.0: Failed to enable MSI-X
[Fri May 09 20:15:25.026 2014] xhci_hcd 0000:00:0c.0: failed to allocate MSI entry
[Fri May 09 20:15:25.026 2014] usb usb3: No SuperSpeed endpoint companion for config 1  interface 0 altsetting 0 ep 129: using minimum values
[Fri May 09 20:15:25.042 2014] xHCI xhci_add_endpoint called for root hub
[Fri May 09 20:15:25.042 2014] xHCI xhci_check_bandwidth called for root hub
[Fri May 09 20:15:25.058 2014] hub 3-0:1.0: USB hub found
[Fri May 09 20:15:25.058 2014] hub 3-0:1.0: 1 port detected
[Fri May 09 20:15:25.058 2014] csw_retry 100
[Fri May 09 20:15:25.058 2014] Initializing USB Mass Storage driver...
[Fri May 09 20:15:25.058 2014] usbcore: registered new interface driver usb-storage
[Fri May 09 20:15:25.073 2014] USB Mass Storage support registered.
[Fri May 09 20:15:25.073 2014] u32 classifier
[Fri May 09 20:15:25.073 2014]     Actions configured
[Fri May 09 20:15:25.073 2014] ip_tables: (C) 2000-2006 Netfilter Core Team
[Fri May 09 20:15:25.073 2014] TCP cubic registered
[Fri May 09 20:15:25.089 2014] NET: Registered protocol family 10
[Fri May 09 20:15:25.089 2014] lo: Disabled Privacy Extensions
[Fri May 09 20:15:25.089 2014] IPv6 over IPv4 tunneling driver
[Fri May 09 20:15:25.089 2014] sit0: Disabled Privacy Extensions
[Fri May 09 20:15:25.089 2014] ip6tnl0: Disabled Privacy Extensions
[Fri May 09 20:15:25.104 2014] NET: Registered protocol family 17
[Fri May 09 20:15:25.104 2014] 802.1Q VLAN Support v1.8 Ben Greear <greearb@candelatech.com>
[Fri May 09 20:15:25.104 2014] All bugs added by David S. Miller <davem@redhat.com>
[Fri May 09 20:15:25.120 2014] Northstar brcmnand NAND Flash Controller driver, Version 0.1 (c) Broadcom Inc. 2012
[Fri May 09 20:15:25.136 2014] NAND device: Manufacturer ID: 0xec, Chip ID: 0xf1 (Samsung NAND 128MiB 3,3V 8-bit)
[Fri May 09 20:15:25.136 2014] Spare area=64 eccbytes 56, ecc bytes located at:
[Fri May 09 20:15:25.151 2014]  2 3 4 5 6 7 8 9 10 11 12 13 14 15 18 19 20 21 22 23 24 25 26 27 28 29 30 31 34 35 36 37 38 39 40 41 42 43 44 45 46 47 50 51 52 53 54 55 56 57 58 59 60 61 62 63
[Fri May 09 20:15:25.151 2014] Available 7 bytes at (off,len):
[Fri May 09 20:15:25.167 2014] (1,1) (16,2) (32,2) (48,2) (0,0) (0,0) (0,0) (0,0) 
[Fri May 09 20:15:25.167 2014] Scanning device for bad blocks
[Fri May 09 20:15:25.214 2014] Bad eraseblock 455 at 0x0000038e0000
[Fri May 09 20:15:25.229 2014] Bad eraseblock 576 at 0x000004800000
[Fri May 09 20:15:25.276 2014] Options: NO_AUTOINCR,NO_PADDING,CACHEPRG,COPYBACK,NO_READRDY,BBT_SCAN2NDPAGE,
[Fri May 09 20:15:25.276 2014] Creating 2 MTD partitions on "brcmnand":
[Fri May 09 20:15:25.292 2014] 0x000002600000-0x000007b00000 : "brcmnand"
[Fri May 09 20:15:25.292 2014] 0x000007b00000-0x000008000000 : "OpenVPN"
[Fri May 09 20:15:25.292 2014] SQUASHFS error: Xattrs in filesystem, these will be ignored
[Fri May 09 20:15:25.307 2014] VFS: Mounted root (squashfs filesystem) readonly on device 31:3.
[Fri May 09 20:15:25.323 2014] devtmpfs: mounted
[Fri May 09 20:15:25.323 2014] Freeing init memory: 216K
[Fri May 09 20:15:28.599 2014] [sighandler]: No more events to be processed, quitting.
[Fri May 09 20:15:28.599 2014] [cleanup]: Waiting for children.
[Fri May 09 20:15:28.614 2014] [cleanup]: All children terminated.
[Fri May 09 20:15:28.677 2014] Reading board data...
[Fri May 09 20:15:28.926 2014] WSC UUID: 0xac75bde461fd9dc838c9f9366355d810
[Fri May 09 20:15:29.410 2014] NTP synchronized date/time: Fri Oct 11 14:38:22 2013
[Fri May 09 20:15:29.426 2014] MAC address of 1st STA connected: 00-24-D7-9E-C8-D4
[Fri May 09 20:15:29.753 2014] No RF parameters! Use default.
[Fri May 09 20:15:29.753 2014] ### main:1257 Set Normal Power!
[Fri May 09 20:15:29.925 2014] Initialise conn table 2048 entries
[Fri May 09 20:15:29.940 2014] insmod: proxyarp.ko: no module by that name found
[Fri May 09 20:15:31.703 2014] insmod: usbcore.ko: no module by that name found
[Fri May 09 20:15:31.703 2014] insmod: ehci-hcd.ko: no module by that name found
[Fri May 09 20:15:31.719 2014] insmod: wl_high.ko: no module by that name found
[Fri May 09 20:15:34.724 2014] eth3: cmd=14: No such device
[Fri May 09 20:15:34.724 2014] wl1 not up in 3 sec
[Fri May 09 20:15:34.824 2014] Hit enter to continue...WARNING: console log level set to 1
[Fri May 09 20:15:36.651 2014] killall: upnp: no process killed
[Fri May 09 20:15:36.651 2014] upnp: No such file or directory
[Fri May 09 20:15:36.776 2014] killall: wps_monitor: no process killed
[Fri May 09 20:15:36.792 2014] killall: wps_ap: no process killed
[Fri May 09 20:15:36.807 2014] killall: wps_enr: no process killed
[Fri May 09 20:15:36.901 2014] 
[Fri May 09 20:15:36.901 2014] ### wps_wfi_init(): <wl0_wfi_enable=(null)><wl1_wfi_enable=(null)><wl0.1_wfi_enable=(null)><wl1.1_wfi_enable=(null)>WFI is not enabled ###
[Fri May 09 20:15:39.802 2014] acs_start AUTOCHANNEL(c_info) = 0 COEXCHECK(c_info)=1 c_info->mode = 3 
[Fri May 09 20:15:39.802 2014] acsd: scan in progress ...
[Fri May 09 20:15:39.802 2014] acsd: scan in progress ...
[Fri May 09 20:15:39.818 2014] acsd: scan in progress ...
[Fri May 09 20:15:40.036 2014] acsd: scan in progress ...
[Fri May 09 20:15:40.286 2014] acsd: scan in progress ...
[Fri May 09 20:15:40.536 2014] acsd: scan in progress ...
[Fri May 09 20:15:40.789 2014] acsd: scan in progress ...
[Fri May 09 20:15:41.049 2014] acsd: scan in progress ...
[Fri May 09 20:15:41.285 2014] acsd: scan in progress ...
[Fri May 09 20:15:41.534 2014] acsd: scan in progress ...
[Fri May 09 20:15:41.800 2014] acsd: scan in progress ...
[Fri May 09 20:15:42.049 2014] acsd: scan in progress ...
[Fri May 09 20:15:42.299 2014] acsd: scan in progress ...
[Fri May 09 20:15:42.548 2014]  s_result->count = 3 
[Fri May 09 20:15:42.548 2014] acs_select_chspec is called for rsi->pref_chspec=1808 
[Fri May 09 20:15:42.548 2014] acsd: COEX: downgraded chanspec 0x1808 to 0x1006: channel 5 used by exiting BSSs 
[Fri May 09 20:15:42.564 2014] acsd: Netgear selected channel spec: 0x1006 control channel:6
[Fri May 09 20:15:42.564 2014] acsd says =4102
[Fri May 09 20:15:42.564 2014] acs_init_run BRCM COEX
[Fri May 09 20:15:42.564 2014] acs_set_chspec is called when AUTOCHANNEL(c_info) = 0 c_info->mode = 3 c_info->selected_chspec = 1006 
[Fri May 09 20:15:42.580 2014] index: 4 : Optimized
[Fri May 09 20:15:42.580 2014] Request not permitted: Interface is not in autochannel mode
[Fri May 09 20:15:42.611 2014] Reading board data...
[Fri May 09 20:15:42.860 2014] WSC UUID: 0xac75bde461fd9dc838c9f9366355d810
[Fri May 09 20:15:43.765 2014] cp: cannot stat '/usr/config/avahi/services/http.service': No such file or directory
[Fri May 09 20:15:43.781 2014] cp: cannot stat '/usr/config/avahi/services/smbd.service': No such file or directory
[Fri May 09 20:15:45.466 2014] Failed to open file '/etc/avahi/avahi-daemon.conf': No such file or directory
[Fri May 09 20:15:45.544 2014] 
[Fri May 09 20:15:45.575 2014] ###################################mount openvpn mtdblock18
[Fri May 09 20:15:45.637 2014] acosFW_accessCtrlEnable 2683 bEnable: 1
[Fri May 09 20:15:45.637 2014] acosFW_accessCtrlMode 2690 mode: 0
[Fri May 09 20:15:45.637 2014] acosFW_accessCtrlConfig 2697
[Fri May 09 20:15:45.715 2014] interface br0 IP address is 192.168.1.1
[Fri May 09 20:15:45.778 2014] info, udhcp server (v0.9.8) started
[Fri May 09 20:15:45.778 2014] error, unable to parse 'option wins '
[Fri May 09 20:15:45.793 2014] error, unable to parse 'option domain '
[Fri May 09 20:15:45.793 2014] sh: /sbin/tmd: not found
[Fri May 09 20:15:45.887 2014] mevent start...
[Fri May 09 20:15:45.887 2014] opened loopback socket 3
[Fri May 09 20:15:46.168 2014] shm ID: 32769
[Fri May 09 20:15:46.168 2014]  Get a correct Segment_ID: 32769 and semaphore ID:32769
[Fri May 09 20:15:46.183 2014] Can't find handler for ASP command: wlg_cgi_get_isolation_status(0);
[Fri May 09 20:15:46.183 2014] Can't find handler for ASP command: wlg_cgi_get_isolation_status(1);
[Fri May 09 20:15:46.199 2014] Can't find handler for ASP command: eco_get_redirect_link();
[Fri May 09 20:15:46.261 2014] Can't find handler for ASP command: wlg_cgi_get_isolation_status();
[Fri May 09 20:15:46.292 2014] POT integrity check OK.
[Fri May 09 20:15:46.324 2014] POT time is up.
[Fri May 09 20:15:46.339 2014] Can't find handler for ASP command: qos_cgi_get_bandwidth("ToSet_qos_bw_uplink");
[Fri May 09 20:15:46.339 2014] Can't find handler for ASP command: qos_cgi_get_bandwidth("AlertMessage");
[Fri May 09 20:15:46.355 2014] Can't find handler for ASP command: qos_cgi_get_bandwidth();
[Fri May 09 20:15:46.370 2014] open /tmp/2g_chek_stat fail
[Fri May 09 20:15:46.370 2014] open /tmp/5g_chek_stat fail
[Fri May 09 20:15:46.386 2014] Can't find handler for ASP command: usb_cgi_get_register_state();
[Fri May 09 20:15:46.402 2014] Can't find handler for ASP command: usb_cgi_get_invite_state();
[Fri May 09 20:15:46.417 2014] Can't find handler for ASP command: cdl_cgi_set_hijack(0);
[Fri May 09 20:15:46.448 2014] Can't find handler for ASP command: cdl_cgi_set_hijack(1);
[Fri May 09 20:15:46.714 2014] Doing nvram commit by pid 2651 !
[Fri May 09 20:15:47.197 2014] Archive:  mtd_netgear-streaming-db.zip
[Fri May 09 20:15:47.213 2014]   inflating: mtd_netgear-streaming-db  
[Fri May 09 20:15:47.962 2014] Info: No FWPT default policies.
[Fri May 09 20:15:47.977 2014] agnat QOS disable!
[Fri May 09 20:15:48.008 2014] rmmod: l7_filter: No such file or directory
[Fri May 09 20:15:48.040 2014] Doing nvram commit by pid 2792 !
[Fri May 09 20:15:48.320 2014] insmod: usbcore.ko: no module by that name found
[Fri May 09 20:15:48.336 2014] insmod: ehci-hcd.ko: no module by that name found
[Fri May 09 20:15:48.352 2014] insmod: ohci-hcd.ko: no module by that name found
[Fri May 09 20:15:48.352 2014] insmod: usb-storage.ko: no module by that name found
[Fri May 09 20:15:48.367 2014] [AFP]: 0 partitions found.
[Fri May 09 20:15:48.383 2014] [AFP]: disk mountd:0  hfsplus mounted:0
[Fri May 09 20:15:48.398 2014] [AFP]: no disk mounted.
[Fri May 09 20:15:48.570 2014] mount: mounting none on /proc/bus/usb failed: Device or resource busy
[Fri May 09 20:15:48.757 2014] [Bonjour] Interface: br0 is connected
[Fri May 09 20:15:48.944 2014] [KC] R7000 IPP v1.2 Start (Nov 22 2013 11:28:38)
[Fri May 09 20:15:49.210 2014] IOCTL_AG_REGION_SET: English
[Fri May 09 20:15:49.303 2014] Start DHCP client daemon
[Fri May 09 20:15:49.319 2014] info, udhcp client (v0.9.8) started
[Fri May 09 20:15:49.319 2014] eth0: No such process
[Fri May 09 20:15:49.615 2014] add active user:192.168.1.2
[Fri May 09 20:15:49.615 2014] httpd: ipv6 socket bound in 80.
[Fri May 09 20:15:49.693 2014] debug, Sending select for 10.10.1.32...
[Fri May 09 20:15:49.990 2014] info, Lease of 10.10.1.32 obtained, lease time 86400
[Fri May 09 20:15:50.005 2014] ACOSNAT: Set BCMCTF to off
[Fri May 09 20:15:50.005 2014] ACOSNAT: Set NAT for LAN domain only to on
[Fri May 09 20:15:50.099 2014] killall: timesync: no process killed
[Fri May 09 20:15:50.114 2014] agApi_natAddConnTblEntryadd Conn : [201A8C0:D3C5 -->101A8C0:8813]
[Fri May 09 20:15:50.130 2014] 
[Fri May 09 20:15:50.130 2014] NAT Enabled
[Fri May 09 20:15:50.130 2014] 
[Fri May 09 20:15:51.206 2014] /var/run/ftpc.pid: no files!
[Fri May 09 20:15:51.284 2014] ftpc start!!
[Fri May 09 20:15:51.284 2014] ftpc:user=anonymous
[Fri May 09 20:15:51.300 2014] ftpc:passwd=WNR3500U@
[Fri May 09 20:15:51.300 2014] ftpc:local path=/tmp/firmwareCfg
[Fri May 09 20:15:51.300 2014] ftpc:server path=/r7000/ww/fileinfo.txt
[Fri May 09 20:15:51.300 2014] ftpc:host=updates1.netgear.com
[Fri May 09 20:15:51.300 2014] conn.host=updates1.netgear.com
[Fri May 09 20:15:51.316 2014]  init the server information
[Fri May 09 20:15:51.362 2014] *** ftpc start ***
[Fri May 09 20:15:51.362 2014] host   : updates1.netgear.com
[Fri May 09 20:15:51.362 2014] local_path   : /tmp/firmwareCfg
[Fri May 09 20:15:51.362 2014] server_path   : /r7000/ww/fileinfo.txt
[Fri May 09 20:15:51.378 2014] sin_port   : 21
[Fri May 09 20:15:51.378 2014] lsocket.sin_port =5376
[Fri May 09 20:15:51.456 2014] username=anonymous,password=WNR3500U@
[Fri May 09 20:15:51.518 2014] minidlan :scan files
[Fri May 09 20:15:51.518 2014] 
[Fri May 09 20:15:51.518 2014] 
[Fri May 09 20:15:51.518 2014] 
[Fri May 09 20:15:51.518 2014] 
[Fri May 09 20:15:51.518 2014] minidlan:scan finished
[Fri May 09 20:15:51.518 2014] 
[Fri May 09 20:15:51.518 2014] 
[Fri May 09 20:15:51.643 2014] lsocket.sin_port =25290
[Fri May 09 20:15:51.924 2014] OK!
[Fri May 09 20:15:51.924 2014] *** ftpc remote download completed ***
[Fri May 09 20:15:51.940 2014] ftpc_GotFile, errorcode:0xf0, currentFtpcStatus: 0x33e1
[Fri May 09 20:15:51.940 2014] currentFtpcStatus=33E1, status=7
[Fri May 09 20:15:51.940 2014] ftpc_GotFile end, status:0x7, currentFtpcStatus: 0x33e1
[Fri May 09 20:15:51.955 2014] FTPC_STATUS_CFG_OK
[Fri May 09 20:15:51.955 2014] 1 0 3 56 -1
[Fri May 09 20:15:51.955 2014] 1 0 3 57 -1
[Fri May 09 20:15:51.955 2014] 1.0.3.56_1.1.25
[Fri May 09 20:15:51.955 2014] Doing nvram commit by pid 2770 !
[Fri May 09 20:15:53.765 2014] [Bonjour] MDNS_CheckName: receive packet timeout
[Fri May 09 20:15:53.765 2014] [Bonjour] default device name = R7000
[Fri May 09 20:15:53.765 2014] [Bonjour] Answer Name Start (192.168.1.1)
[Fri May 09 20:15:53.780 2014] [KC] R7000 IPP v1.2 Start (Nov 22 2013 16:43:26)
[Fri May 09 20:15:54.326 2014] route: ioctl 0x890c failed: No such process
[Fri May 09 20:15:54.358 2014] killall: dhcp6c: no process killed
[Fri May 09 20:15:54.373 2014] killall: IPv6-relay: no process killed
[Fri May 09 20:15:54.389 2014] killall: pppdv6: no process killed
[Fri May 09 20:15:54.404 2014] killall: rtsol: no process killed
[Fri May 09 20:15:54.420 2014] killall: dhcp6s: no process killed
[Fri May 09 20:15:54.451 2014] killall: radvd: no process killed
[Fri May 09 20:15:55.450 2014] route: ioctl 0x890c failed: No such process
[Fri May 09 20:15:55.496 2014] killall: dhcp6s: no process killed
[Fri May 09 20:15:55.528 2014] killall: radvd: no process killed
[Fri May 09 20:15:55.574 2014] Hit enter to continue...lld2test: warning: line ignored - var does not match a known string
[Fri May 09 20:15:56.932 2014] Hit enter to continue...Hit enter to continue...lld2test: warning: line ignored - var does not match a known string
[Fri May 09 20:16:07.118 2014] Hit enter to continue...Hit enter to continue...Digital core power voltage set to 1.0V
[Fri May 09 20:17:02.646 2014] Decompressing...done
[Fri May 09 20:17:05.376 2014] Digital core power voltage set to 1.0V
[Fri May 09 20:17:05.376 2014] 
[Fri May 09 20:17:05.376 2014] SHMOO VER 1.13
[Fri May 09 20:17:05.376 2014] 
[Fri May 09 20:17:05.376 2014] PKID07DC06011801080000000000001A103F01000000
[Fri May 09 20:17:05.392 2014] 
[Fri May 09 20:17:05.392 2014] S300001DB
[Fri May 09 20:17:05.392 2014] 000013E0
[Fri May 09 20:17:05.392 2014] 
[Fri May 09 20:17:05.408 2014] 
[Fri May 09 20:17:05.408 2014] RDLYW0 00000004
[Fri May 09 20:17:05.408 2014] 
[Fri May 09 20:17:05.408 2014] RDENW0 00000034
[Fri May 09 20:17:05.454 2014] 
[Fri May 09 20:17:05.454 2014] RDQSW0 
[Fri May 09 20:17:05.470 2014] 
[Fri May 09 20:17:05.470 2014]     0000000000111111111122222222223333333333444444444455555555556666
[Fri May 09 20:17:05.470 2014]     0123456789012345678901234567890123456789012345678901234567890123
[Fri May 09 20:17:05.486 2014]  00 -----+++++++++++++++++++++++++X++++++++++++++++++++++++---------
[Fri May 09 20:17:05.486 2014]  01 ---------+++++++++++++++++++++++++X++++++++++++++++++++++++-----
[Fri May 09 20:17:05.486 2014]  02 ----++++++++++++++++++++++++X++++++++++++++++++++++++-----------
[Fri May 09 20:17:05.501 2014]  03 ------++++++++++++++++++++++++X+++++++++++++++++++++++----------
[Fri May 09 20:17:05.501 2014]  04 -++++++++++++++++++++++++X++++++++++++++++++++++++--------------
[Fri May 09 20:17:05.501 2014]  05 ------+++++++++++++++++++++++++X+++++++++++++++++++++++++-------
[Fri May 09 20:17:05.517 2014]  06 ---++++++++++++++++++++++++X+++++++++++++++++++++++-------------
[Fri May 09 20:17:05.517 2014]  07 -------+++++++++++++++++++++++++X+++++++++++++++++++++++++------
[Fri May 09 20:17:05.532 2014]  08 ------+++++++++++++++++++++++X+++++++++++++++++++++++-----------
[Fri May 09 20:17:05.532 2014]  09 -------------++++++++++++++++++++++++X+++++++++++++++++++++++---
[Fri May 09 20:17:05.595 2014]  10 ------++++++++++++++++++++++++X++++++++++++++++++++++++---------
[Fri May 09 20:17:05.610 2014]  11 ------------+++++++++++++++++++++++X+++++++++++++++++++++++-----
[Fri May 09 20:17:05.610 2014]  12 -------+++++++++++++++++++++++X+++++++++++++++++++++++----------
[Fri May 09 20:17:05.610 2014]  13 ------------+++++++++++++++++++++++X++++++++++++++++++++++------
[Fri May 09 20:17:05.610 2014]  14 -------++++++++++++++++++++++++X++++++++++++++++++++++++--------
[Fri May 09 20:17:05.610 2014]  15 ------------++++++++++++++++++++++++X++++++++++++++++++++++++---
[Fri May 09 20:17:05.610 2014] 
[Fri May 09 20:17:05.626 2014] 
[Fri May 09 20:17:05.626 2014] PW0 
[Fri May 09 20:17:05.626 2014] 
[Fri May 09 20:17:05.626 2014]     0000000000111111111122222222223333333333444444444455555555556666
[Fri May 09 20:17:05.642 2014]     0123456789012345678901234567890123456789012345678901234567890123
[Fri May 09 20:17:05.642 2014]  00 --++++++++++++++++++++++++++X++++++++++++++++++++++++++---------
[Fri May 09 20:17:05.657 2014]  01 -------++++++++++++++++++++++++++X+++++++++++++++++++++++++-----
[Fri May 09 20:17:05.657 2014]  02 -++++++++++++++++++++++++++X+++++++++++++++++++++++++-----------
[Fri May 09 20:17:05.657 2014]  03 ---+++++++++++++++++++++++++X+++++++++++++++++++++++++----------
[Fri May 09 20:17:05.673 2014]  04 +++++++++++++++++++++++++X++++++++++++++++++++++++--------------
[Fri May 09 20:17:05.673 2014]  05 ----++++++++++++++++++++++++++X++++++++++++++++++++++++++-------
[Fri May 09 20:17:05.673 2014]  06 +++++++++++++++++++++++++X+++++++++++++++++++++++++-------------
[Fri May 09 20:17:05.688 2014]  07 ------++++++++++++++++++++++++++X+++++++++++++++++++++++++------
[Fri May 09 20:17:05.688 2014]  08 --+++++++++++++++++++++++++X+++++++++++++++++++++++++-----------
[Fri May 09 20:17:05.688 2014]  09 ---------++++++++++++++++++++++++++X+++++++++++++++++++++++++---
[Fri May 09 20:17:05.704 2014]  10 ---++++++++++++++++++++++++++X+++++++++++++++++++++++++---------
[Fri May 09 20:17:05.704 2014]  11 --------+++++++++++++++++++++++++X+++++++++++++++++++++++++-----
[Fri May 09 20:17:05.720 2014]  12 ---+++++++++++++++++++++++++X+++++++++++++++++++++++++----------
[Fri May 09 20:17:05.720 2014]  13 ---------++++++++++++++++++++++++X++++++++++++++++++++++++------
[Fri May 09 20:17:05.720 2014]  14 ----++++++++++++++++++++++++++X+++++++++++++++++++++++++--------
[Fri May 09 20:17:05.735 2014]  15 ---------++++++++++++++++++++++++++X+++++++++++++++++++++++++---
[Fri May 09 20:17:05.735 2014] 
[Fri May 09 20:17:05.782 2014] 
[Fri May 09 20:17:05.782 2014] NW0 
[Fri May 09 20:17:05.782 2014] 
[Fri May 09 20:17:05.782 2014]     0000000000111111111122222222223333333333444444444455555555556666
[Fri May 09 20:17:05.798 2014]     0123456789012345678901234567890123456789012345678901234567890123
[Fri May 09 20:17:05.798 2014]  00 -----+++++++++++++++++++++++++X+++++++++++++++++++++++++--------
[Fri May 09 20:17:05.813 2014]  01 ---------+++++++++++++++++++++++++++X+++++++++++++++++++++++++--
[Fri May 09 20:17:05.813 2014]  02 ----++++++++++++++++++++++++++X+++++++++++++++++++++++++--------
[Fri May 09 20:17:05.813 2014]  03 ------+++++++++++++++++++++++++X++++++++++++++++++++++++--------
[Fri May 09 20:17:05.829 2014]  04 --+++++++++++++++++++++++++X++++++++++++++++++++++++------------
[Fri May 09 20:17:05.844 2014]  05 ------+++++++++++++++++++++++++X+++++++++++++++++++++++++-------
[Fri May 09 20:17:05.844 2014]  06 ---+++++++++++++++++++++++++X++++++++++++++++++++++++-----------
[Fri May 09 20:17:05.844 2014]  07 --------+++++++++++++++++++++++++X+++++++++++++++++++++++++-----
[Fri May 09 20:17:05.860 2014]  08 ------+++++++++++++++++++++++X+++++++++++++++++++++++-----------
[Fri May 09 20:17:05.860 2014]  09 -----------+++++++++++++++++++++++++X++++++++++++++++++++++++---
[Fri May 09 20:17:05.876 2014]  10 ------+++++++++++++++++++++++++X+++++++++++++++++++++++++-------
[Fri May 09 20:17:05.876 2014]  11 ------------++++++++++++++++++++++++X+++++++++++++++++++++++----
[Fri May 09 20:17:05.876 2014]  12 ------++++++++++++++++++++++++X++++++++++++++++++++++++---------
[Fri May 09 20:17:05.891 2014]  13 ------------++++++++++++++++++++++++X++++++++++++++++++++++++---
[Fri May 09 20:17:05.891 2014]  14 -------+++++++++++++++++++++++++X++++++++++++++++++++++++-------
[Fri May 09 20:17:05.891 2014]  15 -------------++++++++++++++++++++++++X+++++++++++++++++++++++---
[Fri May 09 20:17:05.907 2014] 
[Fri May 09 20:17:05.954 2014] 
[Fri May 09 20:17:05.954 2014] WRDQW0 
[Fri May 09 20:17:05.954 2014] 
[Fri May 09 20:17:05.954 2014]     0000000000111111111122222222223333333333444444444455555555556666
[Fri May 09 20:17:05.954 2014]     0123456789012345678901234567890123456789012345678901234567890123
[Fri May 09 20:17:05.969 2014]  00 ++++++++++++++++++++++X++++++++++++++++++++++-+-------+++++++++-
[Fri May 09 20:17:05.969 2014]  01 ++++++++++++++++++++++++X++++++++++++++++++++++++--------++++++-
[Fri May 09 20:17:05.969 2014]  02 +++++++++++++++++++++++++X++++++++++++++++++++++++-------++++++-
[Fri May 09 20:17:05.985 2014]  03 ++++++++++++++++++++++++X+++++++++++++++++++++++---------++++++-
[Fri May 09 20:17:05.985 2014]  04 ++++++++++++++++++++++X+++++++++++++++++++++-----------++++++++-
[Fri May 09 20:17:06.000 2014]  05 ++++++++++++++++++++++++X+++++++++++++++++++++++---------++++++-
[Fri May 09 20:17:06.000 2014]  06 ++++++++++++++++++++++X+++++++++++++++++++++-----------++++++++-
[Fri May 09 20:17:06.000 2014]  07 ++++++++++++++++++++++++X++++++++++++++++++++++++--------++++++-
[Fri May 09 20:17:06.016 2014]  08 ++++++++++++++++++++++X++++++++++++++++++++++----------++++++++-
[Fri May 09 20:17:06.016 2014]  09 ----++++++++++++++++++++++X++++++++++++++++++++++---------------
[Fri May 09 20:17:06.032 2014]  10 ++++++++++++++++++++++++X++++++++++++++++++++++++--------++++++-
[Fri May 09 20:17:06.032 2014]  11 -----++++++++++++++++++++++X+++++++++++++++++++++-------------+-
[Fri May 09 20:17:06.032 2014]  12 ++++++++++++++++++++++++X+++++++++++++++++++++++--------+++++++-
[Fri May 09 20:17:06.047 2014]  13 ----+++++++++++++++++++++++X++++++++++++++++++++++--------------
[Fri May 09 20:17:06.047 2014]  14 -++++++++++++++++++++++++X++++++++++++++++++++++++---------++++-
[Fri May 09 20:17:06.063 2014]  15 -----++++++++++++++++++++++X+++++++++++++++++++++---------------
[Fri May 09 20:17:06.063 2014] 
[Fri May 09 20:17:06.063 2014] 
[Fri May 09 20:17:06.063 2014] WRDMW0 00000023
[Fri May 09 20:17:06.063 2014] WRDMW0 00000025
[Fri May 09 20:17:06.078 2014] 
[Fri May 09 20:17:06.531 2014] 
[Fri May 09 20:17:06.531 2014] ADDR
[Fri May 09 20:17:06.531 2014] 
[Fri May 09 20:17:06.531 2014]     0000000000111111111122222222223333333333444444444455555555556666
[Fri May 09 20:17:06.546 2014]     0123456789012345678901234567890123456789012345678901234567890123
[Fri May 09 20:17:06.546 2014]  00 +++++++++++++++++++S+++++++++++X++++++++++++++++++++++++++++++++
[Fri May 09 20:17:06.562 2014] 
[Fri May 09 20:17:06.562 2014] Decompressing...done
[Fri May 09 20:17:08.262 2014] 
[Fri May 09 20:17:08.262 2014] 
[Fri May 09 20:17:08.262 2014] CFE for Foxconn Router R7000 version: v1.0.21
[Fri May 09 20:17:08.278 2014] Build Date: Wed Aug  7 19:11:17 CST 2013 
[Fri May 09 20:17:08.278 2014] Init Arena
[Fri May 09 20:17:08.294 2014] Init Devs.
[Fri May 09 20:17:08.294 2014] Boot up from NAND flash...
[Fri May 09 20:17:08.294 2014] Bootcode Boot partition size = 524288(0x80000)
[Fri May 09 20:17:08.294 2014] DDR Clock: 800 MHz
[Fri May 09 20:17:08.294 2014] Info: DDR frequency set from clkfreq=1000,*800*
[Fri May 09 20:17:13.005 2014] et0: Broadcom BCM47XX 10/100/1000 Mbps Ethernet Controller 6.37.15.1 (r407936)
[Fri May 09 20:17:13.021 2014] CPU type 0x0: 1000MHz
[Fri May 09 20:17:13.021 2014] Tot mem: 262144 KBytes
[Fri May 09 20:17:13.021 2014] 
[Fri May 09 20:17:13.067 2014] Device eth0:  hwaddr 04-A1-51-38-66-E9, ipaddr 192.168.1.1, mask 255.255.255.0
[Fri May 09 20:17:13.067 2014]         gateway not set, nameserver not set
[Fri May 09 20:17:17.108 2014] Checking crc...Loader:raw Filesys:raw Dev:nflash0.os File: Options:(null)
[Fri May 09 20:17:23.005 2014] Loading: ..... 4778464 bytes read
[Fri May 09 20:17:28.418 2014] Entry at 0x00008000
[Fri May 09 20:17:28.418 2014] Closing network.
[Fri May 09 20:17:28.433 2014] Starting program at 0x00008000
[Fri May 09 20:17:30.524 2014] console [ttyS0] enabled, bootconsole disabled
[Fri May 09 20:17:30.539 2014] serial8250.0: ttyS1 at MMIO 0x18000400 (irq = 117) is a 16550
[Fri May 09 20:17:30.555 2014] brd: module loaded
[Fri May 09 20:17:30.555 2014] loop: module loaded
[Fri May 09 20:17:30.555 2014] pflash: found no supported devices
[Fri May 09 20:17:30.555 2014] bcmsflash: found no supported devices
[Fri May 09 20:17:30.633 2014] Boot partition size = 524288(0x80000)
[Fri May 09 20:17:30.633 2014] lookup_nflash_rootfs_offset: offset = 0x200000
[Fri May 09 20:17:30.649 2014] nflash: squash filesystem with lzma found at block 31
[Fri May 09 20:17:30.649 2014] Creating 17 MTD partitions on "nflash":
[Fri May 09 20:17:30.649 2014] 0x000000000000-0x000000080000 : "boot"
[Fri May 09 20:17:30.664 2014] 0x000000080000-0x000000200000 : "nvram"
[Fri May 09 20:17:30.664 2014] 0x000000200000-0x000002200000 : "linux"
[Fri May 09 20:17:30.664 2014] 0x0000003e0418-0x000002200000 : "rootfs"
[Fri May 09 20:17:30.680 2014] 0x000002200000-0x000002240000 : "board_data"
[Fri May 09 20:17:30.680 2014] 0x000002240000-0x000002280000 : "POT1"
[Fri May 09 20:17:30.680 2014] 0x000002280000-0x0000022c0000 : "POT2"
[Fri May 09 20:17:30.695 2014] 0x0000022c0000-0x000002340000 : "T_Meter1"
[Fri May 09 20:17:30.695 2014] 0x000002340000-0x0000023c0000 : "T_Meter2"
[Fri May 09 20:17:30.695 2014] 0x0000023c0000-0x000002400000 : "ML1"
[Fri May 09 20:17:30.711 2014] 0x000002400000-0x000002440000 : "ML2"
[Fri May 09 20:17:30.711 2014] 0x000002440000-0x000002480000 : "ML3"
[Fri May 09 20:17:30.711 2014] 0x000002480000-0x0000024c0000 : "ML4"
[Fri May 09 20:17:30.711 2014] 0x0000024c0000-0x000002500000 : "ML5"
[Fri May 09 20:17:30.727 2014] 0x000002500000-0x000002540000 : "ML6"
[Fri May 09 20:17:30.727 2014] 0x000002540000-0x000002580000 : "ML7"
[Fri May 09 20:17:30.727 2014] 0x000002580000-0x0000025c0000 : "QoSRule"
[Fri May 09 20:17:30.727 2014] PPP generic driver version 2.4.2
[Fri May 09 20:17:30.742 2014] NET: Registered protocol family 24
[Fri May 09 20:17:30.742 2014] PPPoL2TP kernel driver, V0.17
[Fri May 09 20:17:30.742 2014] tun: Universal TUN/TAP device driver, 1.6
[Fri May 09 20:17:30.742 2014] tun: (C) 1999-2004 Max Krasnyansky <maxk@qualcomm.com>
[Fri May 09 20:17:30.758 2014] ehci_hcd: USB 2.0 'Enhanced' Host Controller (EHCI) Driver
[Fri May 09 20:17:30.758 2014] ehci_hcd 0000:00:0b.1: EHCI Host Controller
[Fri May 09 20:17:30.773 2014] ehci_hcd 0000:00:0b.1: new USB bus registered, assigned bus number 1
[Fri May 09 20:17:30.805 2014] ehci_hcd 0000:00:0b.1: irq 111, io mem 0x18021000
[Fri May 09 20:17:30.820 2014] ehci_hcd 0000:00:0b.1: USB 0.0 started, EHCI 1.00
[Fri May 09 20:17:30.820 2014] hub 1-0:1.0: USB hub found
[Fri May 09 20:17:30.836 2014] hub 1-0:1.0: 2 ports detected
[Fri May 09 20:17:30.836 2014] ohci_hcd: USB 1.1 'Open' Host Controller (OHCI) Driver
[Fri May 09 20:17:30.836 2014] ohci_hcd 0000:00:0b.0: OHCI Host Controller
[Fri May 09 20:17:30.836 2014] ohci_hcd 0000:00:0b.0: new USB bus registered, assigned bus number 2
[Fri May 09 20:17:30.851 2014] ohci_hcd 0000:00:0b.0: irq 111, io mem 0x18022000
[Fri May 09 20:17:30.914 2014] hub 2-0:1.0: USB hub found
[Fri May 09 20:17:30.914 2014] hub 2-0:1.0: 2 ports detected
[Fri May 09 20:17:30.929 2014] xhci_hcd 0000:00:0c.0: xHCI Host Controller
[Fri May 09 20:17:30.929 2014] xhci_hcd 0000:00:0c.0: new USB bus registered, assigned bus number 3
[Fri May 09 20:17:30.945 2014] xhci_hcd 0000:00:0c.0: irq 112, io mem 0x18023000
[Fri May 09 20:17:30.945 2014] xhci_hcd 0000:00:0c.0: Failed to enable MSI-X
[Fri May 09 20:17:30.961 2014] xhci_hcd 0000:00:0c.0: failed to allocate MSI entry
[Fri May 09 20:17:30.961 2014] usb usb3: No SuperSpeed endpoint companion for config 1  interface 0 altsetting 0 ep 129: using minimum values
[Fri May 09 20:17:30.976 2014] xHCI xhci_add_endpoint called for root hub
[Fri May 09 20:17:30.976 2014] xHCI xhci_check_bandwidth called for root hub
[Fri May 09 20:17:30.976 2014] hub 3-0:1.0: USB hub found
[Fri May 09 20:17:30.976 2014] hub 3-0:1.0: 1 port detected
[Fri May 09 20:17:30.992 2014] csw_retry 100
[Fri May 09 20:17:30.992 2014] Initializing USB Mass Storage driver...
[Fri May 09 20:17:30.992 2014] usbcore: registered new interface driver usb-storage
[Fri May 09 20:17:30.992 2014] USB Mass Storage support registered.
[Fri May 09 20:17:30.992 2014] u32 classifier
[Fri May 09 20:17:30.992 2014]     Actions configured
[Fri May 09 20:17:31.007 2014] ip_tables: (C) 2000-2006 Netfilter Core Team
[Fri May 09 20:17:31.007 2014] TCP cubic registered
[Fri May 09 20:17:31.007 2014] NET: Registered protocol family 10
[Fri May 09 20:17:31.007 2014] lo: Disabled Privacy Extensions
[Fri May 09 20:17:31.007 2014] IPv6 over IPv4 tunneling driver
[Fri May 09 20:17:31.023 2014] sit0: Disabled Privacy Extensions
[Fri May 09 20:17:31.023 2014] ip6tnl0: Disabled Privacy Extensions
[Fri May 09 20:17:31.023 2014] NET: Registered protocol family 17
[Fri May 09 20:17:31.023 2014] 802.1Q VLAN Support v1.8 Ben Greear <greearb@candelatech.com>
[Fri May 09 20:17:31.039 2014] All bugs added by David S. Miller <davem@redhat.com>
[Fri May 09 20:17:31.039 2014] Northstar brcmnand NAND Flash Controller driver, Version 0.1 (c) Broadcom Inc. 2012
[Fri May 09 20:17:31.054 2014] NAND device: Manufacturer ID: 0xec, Chip ID: 0xf1 (Samsung NAND 128MiB 3,3V 8-bit)
[Fri May 09 20:17:31.070 2014] Spare area=64 eccbytes 56, ecc bytes located at:
[Fri May 09 20:17:31.070 2014]  2 3 4 5 6 7 8 9 10 11 12 13 14 15 18 19 20 21 22 23 24 25 26 27 28 29 30 31 34 35 36 37 38 39 40 41 42 43 44 45 46 47 50 51 52 53 54 55 56 57 58 59 60 61 62 63
[Fri May 09 20:17:31.085 2014] Available 7 bytes at (off,len):
[Fri May 09 20:17:31.085 2014] (1,1) (16,2) (32,2) (48,2) (0,0) (0,0) (0,0) (0,0) 
[Fri May 09 20:17:31.085 2014] Scanning device for bad blocks
[Fri May 09 20:17:31.132 2014] Bad eraseblock 455 at 0x0000038e0000
[Fri May 09 20:17:31.148 2014] Bad eraseblock 576 at 0x000004800000
[Fri May 09 20:17:31.195 2014] Options: NO_AUTOINCR,NO_PADDING,CACHEPRG,COPYBACK,NO_READRDY,BBT_SCAN2NDPAGE,
[Fri May 09 20:17:31.210 2014] Creating 2 MTD partitions on "brcmnand":
[Fri May 09 20:17:31.210 2014] 0x000002600000-0x000007b00000 : "brcmnand"
[Fri May 09 20:17:31.210 2014] 0x000007b00000-0x000008000000 : "OpenVPN"
[Fri May 09 20:17:31.226 2014] SQUASHFS error: Xattrs in filesystem, these will be ignored
[Fri May 09 20:17:31.226 2014] VFS: Mounted root (squashfs filesystem) readonly on device 31:3.
[Fri May 09 20:17:31.241 2014] devtmpfs: mounted
[Fri May 09 20:17:31.241 2014] Freeing init memory: 216K
[Fri May 09 20:17:34.471 2014] [sighandler]: No more events to be processed, quitting.
[Fri May 09 20:17:34.486 2014] [cleanup]: Waiting for children.
[Fri May 09 20:17:34.486 2014] [cleanup]: All children terminated.
[Fri May 09 20:17:34.549 2014] Reading board data...
[Fri May 09 20:17:34.798 2014] WSC UUID: 0xac75bde461fd9dc838c9f9366355d810
[Fri May 09 20:17:35.282 2014] NTP synchronized date/time: Fri Oct 11 14:38:22 2013
[Fri May 09 20:17:35.297 2014] MAC address of 1st STA connected: 00-24-D7-9E-C8-D4
[Fri May 09 20:17:35.625 2014] No RF parameters! Use default.
[Fri May 09 20:17:35.641 2014] ### main:1257 Set Normal Power!
[Fri May 09 20:17:35.812 2014] Initialise conn table 2048 entries
[Fri May 09 20:17:35.828 2014] insmod: proxyarp.ko: no module by that name found
[Fri May 09 20:17:37.559 2014] insmod: usbcore.ko: no module by that name found
[Fri May 09 20:17:37.591 2014] insmod: ehci-hcd.ko: no module by that name found
[Fri May 09 20:17:37.591 2014] insmod: wl_high.ko: no module by that name found
[Fri May 09 20:17:40.586 2014] eth3: cmd=14: No such device
[Fri May 09 20:17:40.586 2014] wl1 not up in 3 sec
[Fri May 09 20:17:40.679 2014] Hit enter to continue...WARNING: console log level set to 1
[Fri May 09 20:17:42.505 2014] killall: upnp: no process killed
[Fri May 09 20:17:42.505 2014] upnp: No such file or directory
[Fri May 09 20:17:42.645 2014] killall: wps_monitor: no process killed
[Fri May 09 20:17:42.661 2014] killall: wps_ap: no process killed
[Fri May 09 20:17:42.661 2014] killall: wps_enr: no process killed
[Fri May 09 20:17:42.754 2014] 
[Fri May 09 20:17:42.754 2014] ### wps_wfi_init(): <wl0_wfi_enable=(null)><wl1_wfi_enable=(null)><wl0.1_wfi_enable=(null)><wl1.1_wfi_enable=(null)>WFI is not enabled ###
[Fri May 09 20:17:44.891 2014] acs_start AUTOCHANNEL(c_info) = 0 COEXCHECK(c_info)=1 c_info->mode = 3 
[Fri May 09 20:17:45.141 2014] acsd: scan in progress ...
[Fri May 09 20:17:45.391 2014] acsd: scan in progress ...
[Fri May 09 20:17:45.640 2014] acsd: scan in progress ...
[Fri May 09 20:17:45.890 2014] acsd: scan in progress ...
[Fri May 09 20:17:46.139 2014] acsd: scan in progress ...
[Fri May 09 20:17:46.389 2014] acsd: scan in progress ...
[Fri May 09 20:17:46.639 2014] acsd: scan in progress ...
[Fri May 09 20:17:46.888 2014] acsd: scan in progress ...
[Fri May 09 20:17:47.138 2014] acsd: scan in progress ...
[Fri May 09 20:17:47.387 2014] acsd: scan in progress ...
[Fri May 09 20:17:47.637 2014] acsd: scan in progress ...
[Fri May 09 20:17:47.887 2014] acsd: scan in progress ...
[Fri May 09 20:17:48.136 2014] acsd: scan in progress ...
[Fri May 09 20:17:48.386 2014]  s_result->count = 2 
[Fri May 09 20:17:48.401 2014] acs_select_chspec is called for rsi->pref_chspec=1808 
[Fri May 09 20:17:48.401 2014] acsd: COEX: downgraded chanspec 0x1808 to 0x1006: channel 7 used by exiting BSSs 
[Fri May 09 20:17:48.401 2014] acsd: Netgear selected channel spec: 0x1006 control channel:6
[Fri May 09 20:17:48.417 2014] acsd says =4102
[Fri May 09 20:17:48.417 2014] acs_init_run BRCM COEX
[Fri May 09 20:17:48.417 2014] acs_set_chspec is called when AUTOCHANNEL(c_info) = 0 c_info->mode = 3 c_info->selected_chspec = 1006 
[Fri May 09 20:17:48.433 2014] index: 4 : Optimized
[Fri May 09 20:17:48.433 2014] Request not permitted: Interface is not in autochannel mode
[Fri May 09 20:17:48.464 2014] Reading board data...
[Fri May 09 20:17:48.713 2014] WSC UUID: 0xac75bde461fd9dc838c9f9366355d810
[Fri May 09 20:17:49.603 2014] cp: cannot stat '/usr/config/avahi/services/http.service': No such file or directory
[Fri May 09 20:17:49.603 2014] cp: cannot stat '/usr/config/avahi/services/smbd.service': No such file or directory
[Fri May 09 20:17:51.272 2014] Failed to open file '/etc/avahi/avahi-daemon.conf': No such file or directory
[Fri May 09 20:17:51.350 2014] 
[Fri May 09 20:17:51.350 2014] ###################################mount openvpn mtdblock18
[Fri May 09 20:17:51.443 2014] acosFW_accessCtrlEnable 2683 bEnable: 1
[Fri May 09 20:17:51.459 2014] acosFW_accessCtrlMode 2690 mode: 0
[Fri May 09 20:17:51.475 2014] acosFW_accessCtrlConfig 2697
[Fri May 09 20:17:51.537 2014] interface br0 IP address is 192.168.1.1
[Fri May 09 20:17:51.599 2014] info, udhcp server (v0.9.8) started
[Fri May 09 20:17:51.599 2014] error, unable to parse 'option wins '
[Fri May 09 20:17:51.599 2014] error, unable to parse 'option domain '
[Fri May 09 20:17:51.615 2014] sh: /sbin/tmd: not found
[Fri May 09 20:17:51.787 2014] mevent start...
[Fri May 09 20:17:51.802 2014] opened loopback socket 3
[Fri May 09 20:17:51.974 2014] shm ID: 32769
[Fri May 09 20:17:51.974 2014]  Get a correct Segment_ID: 32769 and semaphore ID:32769
[Fri May 09 20:17:51.989 2014] Can't find handler for ASP command: wlg_cgi_get_isolation_status(0);
[Fri May 09 20:17:51.989 2014] Can't find handler for ASP command: wlg_cgi_get_isolation_status(1);
[Fri May 09 20:17:52.021 2014] Can't find handler for ASP command: eco_get_redirect_link();
[Fri May 09 20:17:52.067 2014] Can't find handler for ASP command: wlg_cgi_get_isolation_status();
[Fri May 09 20:17:52.114 2014] Can't find handler for ASP command: qos_cgi_get_bandwidth("ToSet_qos_bw_uplink");
[Fri May 09 20:17:52.114 2014] Can't find handler for ASP command: qos_cgi_get_bandwidth("AlertMessage");
[Fri May 09 20:17:52.130 2014] Can't find handler for ASP command: qos_cgi_get_bandwidth();
[Fri May 09 20:17:52.145 2014] POT integrity check OK.
[Fri May 09 20:17:52.161 2014] POT time is up.
[Fri May 09 20:17:52.192 2014] Can't find handler for ASP command: usb_cgi_get_register_state();
[Fri May 09 20:17:52.192 2014] Can't find handler for ASP command: usb_cgi_get_invite_state();
[Fri May 09 20:17:52.208 2014] open /tmp/2g_chek_stat fail
[Fri May 09 20:17:52.208 2014] open /tmp/5g_chek_stat fail
[Fri May 09 20:17:52.223 2014] Can't find handler for ASP command: cdl_cgi_set_hijack(0);
[Fri May 09 20:17:52.239 2014] Can't find handler for ASP command: cdl_cgi_set_hijack(1);
[Fri May 09 20:17:52.504 2014] Doing nvram commit by pid 2651 !
[Fri May 09 20:17:52.941 2014] Archive:  mtd_netgear-streaming-db.zip
[Fri May 09 20:17:52.941 2014]   inflating: mtd_netgear-streaming-db  
[Fri May 09 20:17:53.830 2014] Info: No FWPT default policies.
[Fri May 09 20:17:53.846 2014] agnat QOS disable!
[Fri May 09 20:17:53.877 2014] rmmod: l7_filter: No such file or directory
[Fri May 09 20:17:53.908 2014] Doing nvram commit by pid 2792 !
[Fri May 09 20:17:54.049 2014] insmod: usbcore.ko: no module by that name found
[Fri May 09 20:17:54.064 2014] insmod: ehci-hcd.ko: no module by that name found
[Fri May 09 20:17:54.080 2014] insmod: ohci-hcd.ko: no module by that name found
[Fri May 09 20:17:54.095 2014] insmod: usb-storage.ko: no module by that name found
[Fri May 09 20:17:54.267 2014] [AFP]: 0 partitions found.
[Fri May 09 20:17:54.267 2014] [AFP]: disk mountd:0  hfsplus mounted:0
[Fri May 09 20:17:54.283 2014] [AFP]: no disk mounted.
[Fri May 09 20:17:54.361 2014] mount: mounting none on /proc/bus/usb failed: Device or resource busy
[Fri May 09 20:17:54.563 2014] [Bonjour] Interface: br0 is connected
[Fri May 09 20:17:54.719 2014] [KC] R7000 IPP v1.2 Start (Nov 22 2013 11:28:38)
[Fri May 09 20:17:55.016 2014] IOCTL_AG_REGION_SET: English
[Fri May 09 20:17:55.109 2014] Start DHCP client daemon
[Fri May 09 20:17:55.125 2014] info, udhcp client (v0.9.8) started
[Fri May 09 20:17:55.141 2014] eth0: No such process
[Fri May 09 20:17:55.453 2014] add active user:192.168.1.2
[Fri May 09 20:17:55.453 2014] httpd: ipv6 socket bound in 80.
[Fri May 09 20:17:55.515 2014] debug, Sending select for 10.10.1.32...
[Fri May 09 20:17:55.936 2014] info, Lease of 10.10.1.32 obtained, lease time 86400
[Fri May 09 20:17:55.952 2014] ACOSNAT: Set BCMCTF to off
[Fri May 09 20:17:55.967 2014] ACOSNAT: Set NAT for LAN domain only to on
[Fri May 09 20:17:56.045 2014] killall: timesync: no process killed
[Fri May 09 20:17:56.077 2014] agApi_natAddConnTblEntryadd Conn : [201A8C0:EDC5 -->101A8C0:8813]
[Fri May 09 20:17:56.077 2014] 
[Fri May 09 20:17:56.077 2014] NAT Enabled
[Fri May 09 20:17:56.077 2014] 
[Fri May 09 20:17:56.716 2014] minidlan :scan files
[Fri May 09 20:17:56.716 2014] 
[Fri May 09 20:17:56.716 2014] 
[Fri May 09 20:17:56.716 2014] 
[Fri May 09 20:17:56.716 2014] 
[Fri May 09 20:17:56.716 2014] minidlan:scan finished
[Fri May 09 20:17:56.716 2014] 
[Fri May 09 20:17:56.716 2014] 
[Fri May 09 20:17:57.153 2014] /var/run/ftpc.pid: no files!
[Fri May 09 20:17:57.200 2014] ftpc start!!
[Fri May 09 20:17:57.200 2014] ftpc:user=anonymous
[Fri May 09 20:17:57.200 2014] ftpc:passwd=WNR3500U@
[Fri May 09 20:17:57.200 2014] ftpc:local path=/tmp/firmwareCfg
[Fri May 09 20:17:57.200 2014] ftpc:server path=/r7000/ww/fileinfo.txt
[Fri May 09 20:17:57.215 2014] ftpc:host=updates1.netgear.com
[Fri May 09 20:17:57.215 2014] conn.host=updates1.netgear.com
[Fri May 09 20:17:57.215 2014]  init the server information
[Fri May 09 20:17:57.262 2014] *** ftpc start ***
[Fri May 09 20:17:57.262 2014] host   : updates1.netgear.com
[Fri May 09 20:17:57.262 2014] local_path   : /tmp/firmwareCfg
[Fri May 09 20:17:57.262 2014] server_path   : /r7000/ww/fileinfo.txt
[Fri May 09 20:17:57.278 2014] sin_port   : 21
[Fri May 09 20:17:57.278 2014] lsocket.sin_port =5376
[Fri May 09 20:17:57.356 2014] username=anonymous,password=WNR3500U@
[Fri May 09 20:17:57.543 2014] lsocket.sin_port =21711
[Fri May 09 20:17:57.808 2014] OK!
[Fri May 09 20:17:57.808 2014] *** ftpc remote download completed ***
[Fri May 09 20:17:57.824 2014] ftpc_GotFile, errorcode:0xf0, currentFtpcStatus: 0x33e1
[Fri May 09 20:17:57.824 2014] currentFtpcStatus=33E1, status=7
[Fri May 09 20:17:57.839 2014] ftpc_GotFile end, status:0x7, currentFtpcStatus: 0x33e1
[Fri May 09 20:17:57.839 2014] FTPC_STATUS_CFG_OK
[Fri May 09 20:17:57.839 2014] 1 0 3 56 -1
[Fri May 09 20:17:57.839 2014] 1 0 3 57 -1
[Fri May 09 20:17:57.839 2014] 1.0.3.56_1.1.25
[Fri May 09 20:17:57.839 2014] Doing nvram commit by pid 2765 !
[Fri May 09 20:17:59.555 2014] [Bonjour] MDNS_CheckName: receive packet timeout
[Fri May 09 20:17:59.571 2014] [Bonjour] default device name = R7000
[Fri May 09 20:17:59.571 2014] [Bonjour] Answer Name Start (192.168.1.1)
[Fri May 09 20:17:59.571 2014] [KC] R7000 IPP v1.2 Start (Nov 22 2013 16:43:26)
[Fri May 09 20:18:00.117 2014] route: ioctl 0x890c failed: No such process
[Fri May 09 20:18:00.148 2014] killall: dhcp6c: no process killed
[Fri May 09 20:18:00.179 2014] killall: IPv6-relay: no process killed
[Fri May 09 20:18:00.195 2014] killall: pppdv6: no process killed
[Fri May 09 20:18:00.211 2014] killall: rtsol: no process killed
[Fri May 09 20:18:00.226 2014] killall: dhcp6s: no process killed
[Fri May 09 20:18:00.242 2014] killall: radvd: no process killed
[Fri May 09 20:18:01.225 2014] route: ioctl 0x890c failed: No such process
[Fri May 09 20:18:01.271 2014] killall: dhcp6s: no process killed
[Fri May 09 20:18:01.303 2014] killall: radvd: no process killed
[Fri May 09 20:18:01.318 2014] Hit enter to continue...lld2test: warning: line ignored - var does not match a known string
[Fri May 09 20:18:02.981 2014] Hit enter to continue...Hit enter to continue...
[Fri May 09 20:18:15.790 2014] 
[Fri May 09 20:18:15.790 2014] 
[Fri May 09 20:18:15.790 2014] BusyBox v1.7.2 (2014-05-06 17:48:43 CST) built-in shell (ash)
[Fri May 09 20:18:15.806 2014] Enter 'help' for a list of built-in commands.
[Fri May 09 20:18:15.806 2014] 
[Fri May 09 20:18:15.884 2014] # 
[Fri May 09 20:18:15.884 2014] # 
[Fri May 09 20:18:16.352 2014] # 
[Fri May 09 20:18:16.508 2014] # wl msglevel
[Fri May 09 20:18:20.735 2014] 0x0 
[Fri May 09 20:18:20.735 2014] # # wl msglevel 0xlld2test: warning: line ignored - var does not match a known string
[Fri May 09 20:18:23.060 2014] 111
[Fri May 09 20:18:23.871 2014] # 
[Fri May 09 20:18:24.464 2014] # 
[Fri May 09 20:18:24.635 2014] # # wl msglevel 0x111# wl msglevel
[Fri May 09 20:18:25.571 2014] 0x111  error inform assoc
[Fri May 09 20:18:25.571 2014] # 
[Fri May 09 20:18:26.788 2014] # 
[Fri May 09 20:18:26.975 2014] # lld2test: warning: line ignored - var does not match a known string
[Fri May 09 20:18:33.761 2014] cat /pro# cat /proc/km# cat /proc/kmsg &
[Fri May 09 20:18:40.953 2014] # : Registered protocol family 16
[Fri May 09 20:18:41.203 2014] <4>Found a Samsung NAND flash:
[Fri May 09 20:18:41.203 2014] <4>Total size:  128MB
[Fri May 09 20:18:41.203 2014] <4>Block size:  128KB
[Fri May 09 20:18:41.203 2014] <4>Page Size:   2048B
[Fri May 09 20:18:41.203 2014] <4>OOB Size:    64B
[Fri May 09 20:18:41.218 2014] <4>Sector size: 512B
[Fri May 09 20:18:41.218 2014] <4>Spare size:  16B
[Fri May 09 20:18:41.218 2014] <4>ECC level:   8-bit
[Fri May 09 20:18:41.218 2014] <4>Device ID: 0xec 0xf1 0x 0 0x95 0x40
[Fri May 09 20:18:41.218 2014] <6>CCA UART Clock Config: Sel=1 Ovr=1 Div=48
[Fri May 09 20:18:41.218 2014] <6>CCA UART Clock rate 125000000Hz
[Fri May 09 20:18:41.234 2014] <4>bio: create slab <bio-0> at 0
[Fri May 09 20:18:41.234 2014] <5>SCSI subsystem initialized
[Fri May 09 20:18:41.234 2014] <6>usbcore: registered new interface driver usbfs
[Fri May 09 20:18:41.234 2014] <6>usbcore: registered new interface driver hub
[Fri May 09 20:18:41.249 2014] <6>usbcore: registered new device driver usb
[Fri May 09 20:18:41.249 2014] <6>Switching to clocksource mpcore_gtimer
[Fri May 09 20:18:41.249 2014] <6>NET: Registered protocol family 2
[Fri May 09 20:18:41.249 2014] <6>IP route cache hash table entries: 2048 (order: 1, 8192 bytes)
[Fri May 09 20:18:41.265 2014] <6>TCP established hash table entries: 8192 (order: 4, 65536 bytes)
[Fri May 09 20:18:41.265 2014] <6>TCP bind hash table entries: 8192 (order: 4, 98304 bytes)
[Fri May 09 20:18:41.265 2014] <6>TCP: Hash tables configured (established 8192 bind 8192)
[Fri May 09 20:18:41.281 2014] <6>TCP reno registered
[Fri May 09 20:18:41.281 2014] <6>UDP hash table entries: 128 (order: 0, 4096 bytes)
[Fri May 09 20:18:41.281 2014] <6>UDP-Lite hash table entries: 128 (order: 0, 4096 bytes)
[Fri May 09 20:18:41.281 2014] <6>NET: Registered protocol family 1
[Fri May 09 20:18:41.296 2014] <7>PCI: CLS 0 bytes, default 32
[Fri May 09 20:18:41.296 2014] <4>PCI: no core
[Fri May 09 20:18:41.296 2014] <4>PCI: no core
[Fri May 09 20:18:41.296 2014] <6>PCI: scanning bus 0
[Fri May 09 20:18:41.296 2014] <7>pci 0000:00:00.0: reg 10: [mem 0x18000000-0x18000fff]
[Fri May 09 20:18:41.312 2014] <7>pci 0000:00:00.0: reg 30: [mem 0x00000000-0x000007ff pref]
[Fri May 09 20:18:41.312 2014] <7>pci 0000:00:01.0: reg 10: [mem 0x18001000-0x18001fff]
[Fri May 09 20:18:41.312 2014] <7>pci 0000:00:01.0: reg 14: [mem 0x18002000-0x18002fff]
[Fri May 09 20:18:41.327 2014] <7>pci 0000:00:01.0: reg 30: [mem 0x00000000-0x000007ff pref]
[Fri May 09 20:18:41.327 2014] <7>pci 0000:00:02.0: reg 10: [mem 0x1802c000-0x1802cfff]
[Fri May 09 20:18:41.327 2014] <7>pci 0000:00:02.0: reg 30: [mem 0x00000000-0x000007ff pref]
[Fri May 09 20:18:41.327 2014] <7>pci 0000:00:03.0: reg 10: [mem 0x18024000-0x18024fff]
[Fri May 09 20:18:41.343 2014] <7>pci 0000:00:03.0: reg 30: [mem 0x00000000-0x000007ff pref]
[Fri May 09 20:18:41.343 2014] <7>pci 0000:00:04.0: reg 10: [mem 0x18025000-0x18025fff]
[Fri May 09 20:18:41.359 2014] <7>pci 0000:00:04.0: reg 30: [mem 0x00000000-0x000007ff pref]
[Fri May 09 20:18:41.359 2014] <7>pci 0000:00:05.0: reg 10: [mem 0x18026000-0x18026fff]
[Fri May 09 20:18:41.359 2014] <7>pci 0000:00:05.0: reg 30: [mem 0x00000000-0x000007ff pref]
[Fri May 09 20:18:41.374 2014] <7>pci 0000:00:06.0: reg 10: [mem 0x18027000-0x18027fff]
[Fri May 09 20:18:41.374 2014] <7>pci 0000:00:06.0: reg 30: [mem 0x00000000-0x000007ff pref]
[Fri May 09 20:18:41.374 2014] <7>pci 0000:00:07.0: reg 10: [mem 0x18012000-0x18012fff]
[Fri May 09 20:18:41.390 2014] <7>pci 0000:00:07.0: reg 30: [mem 0x00000000-0x000007ff pref]
[Fri May 09 20:18:41.390 2014] <7>pci 0000:00:08.0: reg 10: [mem 0x18013000-0x18013fff]
[Fri May 09 20:18:41.390 2014] <7>pci 0000:00:08.0: reg 30: [mem 0x00000000-0x000007ff pref]
[Fri May 09 20:18:41.405 2014] <7>pci 0000:00:09.0: reg 10: [mem 0x18014000-0x18014fff]
[Fri May 09 20:18:41.405 2014] <7>pci 0000:00:09.0: reg 30: [mem 0x00000000-0x000007ff pref]
[Fri May 09 20:18:41.405 2014] <7>pci 0000:00:0a.0: reg 10: [mem 0x1800b000-0x1800bfff]
[Fri May 09 20:18:41.421 2014] <7>pci 0000:00:0a.0: reg 14: [mem 0x1800c000-0x1800cfff]
[Fri May 09 20:18:41.421 2014] <7>pci 0000:00:0a.0: reg 30: [mem 0x00000000-0x000007ff pref]
[Fri May 09 20:18:41.421 2014] <7>pci 0000:00:0b.0: reg 10: [mem 0x18022000-0x18022fff]
[Fri May 09 20:18:41.437 2014] <7>pci 0000:00:0b.0: reg 30: [mem 0x00000000-0x000007ff pref]
[Fri May 09 20:18:41.437 2014] <7>pci 0000:00:0b.1: reg 10: [mem 0x18021000-0x18021fff]
[Fri May 09 20:18:41.437 2014] <7>pci 0000:00:0b.1: reg 30: [mem 0x00000000-0x000007ff pref]
[Fri May 09 20:18:41.452 2014] <7>pci 0000:00:0c.0: reg 10: [mem 0x18023000-0x18023fff]
[Fri May 09 20:18:41.452 2014] <7>pci 0000:00:0c.0: reg 30: [mem 0x00000000-0x000007ff pref]
[Fri May 09 20:18:41.452 2014] <7>pci 0000:00:0d.0: reg 10: [mem 0x18020000-0x18020fff]
[Fri May 09 20:18:41.468 2014] <7>pci 0000:00:0d.0: reg 30: [mem 0x00000000-0x000007ff pref]
[Fri May 09 20:18:41.468 2014] <7>pci 0000:00:0e.0: reg 10: [mem 0x1802a000-0x1802afff]
[Fri May 09 20:18:41.468 2014] <7>pci 0000:00:0e.0: reg 30: [mem 0x00000000-0x000007ff pref]
[Fri May 09 20:18:41.483 2014] <7>pci 0000:00:0f.0: reg 10: [mem 0x18210000-0x1821ffff]
[Fri May 09 20:18:41.483 2014] <7>pci 0000:00:0f.0: reg 30: [mem 0x00000000-0x000007ff pref]
[Fri May 09 20:18:41.483 2014] <7>pci 0000:00:10.0: reg 10: [mem 0x18010000-0x18010fff]
[Fri May 09 20:18:41.499 2014] <7>pci 0000:00:10.0: reg 30: [mem 0x00000000-0x000007ff pref]
[Fri May 09 20:18:41.499 2014] <7>pci 0000:00:11.0: reg 30: [mem 0x00000000-0x000007ff pref]
[Fri May 09 20:18:41.499 2014] <7>pci 0000:00:12.0: reg 10: [mem 0x18028000-0x18028fff]
[Fri May 09 20:18:41.515 2014] <7>pci 0000:00:12.0: reg 30: [mem 0x00000000-0x000007ff pref]
[Fri May 09 20:18:41.515 2014] <7>pci 0000:00:13.0: reg 10: [mem 0x18029000-0x18029fff]
[Fri May 09 20:18:41.515 2014] <7>pci 0000:00:13.0: reg 30: [mem 0x00000000-0x000007ff pref]
[Fri May 09 20:18:41.530 2014] <4>PCI: Fixing up bus 0
[Fri May 09 20:18:41.530 2014] <6>PCIE1 link=1
[Fri May 09 20:18:41.530 2014] <6>PCIE1 switching to GEN2
[Fri May 09 20:18:41.530 2014] <6>PCIE1 link=1
[Fri May 09 20:18:41.530 2014] <7>pci 0001:00:00.0: PME# supported from D0 D3hot D3cold
[Fri May 09 20:18:41.530 2014] <7>pci 0001:00:00.0: PME# disabled
[Fri May 09 20:18:41.577 2014] <4>PCI: Fixing up bus 0
[Fri May 09 20:18:41.577 2014] <6>PCI: bus0: Fast back to back transfers disabled
[Fri May 09 20:18:41.577 2014] <7>pci 0001:01:00.0: reg 10: [mem 0x08000000-0x08007fff 64bit]
[Fri May 09 20:18:41.577 2014] <7>pci 0001:01:00.0: supports D1 D2
[Fri May 09 20:18:41.577 2014] <4>PCI: Fixing up bus 1
[Fri May 09 20:18:41.593 2014] <6>PCI: bus1: Fast back to back transfers disabled
[Fri May 09 20:18:41.593 2014] <6>pci 0001:00:00.0: BAR 8: assigned [mem 0x08000000-0x080fffff]
[Fri May 09 20:18:41.593 2014] <6>pci 0001:01:00.0: BAR 0: assigned [mem 0x08000000-0x08007fff 64bit]
[Fri May 09 20:18:41.593 2014] <6>pci 0001:01:00.0: BAR 0: set to [mem 0x08000000-0x08007fff 64bit] (PCI address [0x8000000-0x8007fff]
[Fri May 09 20:18:41.593 2014] <6>pci 0001:00:00.0: PCI bridge to [bus 01-01]
[Fri May 09 20:18:41.593 2014] <6>pci 0001:00:00.0:   bridge window [io  disabled]
[Fri May 09 20:18:41.593 2014] <6>pci 0001:00:00.0:   bridge window [mem 0x08000000-0x080fffff]
[Fri May 09 20:18:41.608 2014] <6>pci 0001:00:00.0:   bridge window [mem pref disabled]
[Fri May 09 20:18:41.608 2014] <6>PCIE2 link=1
[Fri May 09 20:18:41.608 2014] <6>PCIE2 switching to GEN2
[Fri May 09 20:18:41.608 2014] <6>PCIE2 link=1
[Fri May 09 20:18:41.608 2014] <7>pci 0002:00:00.0: PME# supported from D0 D3hot D3cold
[Fri May 09 20:18:41.608 2014] <7>pci 0002:00:00.0: PME# disabled
[Fri May 09 20:18:41.624 2014] <4>PCI: Fixing up bus 0
[Fri May 09 20:18:41.624 2014] <6>PCI: bus0: Fast back to back transfers disabled
[Fri May 09 20:18:41.624 2014] <7>pci 0002:02:00.0: reg 10: [mem 0x40000000-0x40007fff 64bit]
[Fri May 09 20:18:41.624 2014] <7>pci 0002:02:00.0: supports D1 D2
[Fri May 09 20:18:41.639 2014] <4>PCI: Fixing up bus 2
[Fri May 09 20:18:41.639 2014] <6>PCI: bus2: Fast back to back transfers disabled
[Fri May 09 20:18:41.639 2014] <6>pci 0002:00:00.0: BAR 8: assigned [mem 0x40000000-0x400fffff]
[Fri May 09 20:18:41.655 2014] <6>pci 0002:02:00.0: BAR 0: assigned [mem 0x40000000-0x40007fff 64bit]
[Fri May 09 20:18:41.671 2014] <6>pci 0002:02:00.0: BAR 0: set to [mem 0x40000000-0x40007fff 64bit] (PCI address [0x40000000-0x40007fff]
[Fri May 09 20:18:41.671 2014] <6>pci 0002:00:00.0: PCI bridge to [bus 02-02]
[Fri May 09 20:18:41.671 2014] <6>pci 0002:00:00.0:   bridge window [io  disabled]
[Fri May 09 20:18:41.686 2014] <6>pci 0002:00:00.0:   bridge window [mem 0x40000000-0x400fffff]
[Fri May 09 20:18:41.686 2014] <6>pci 0002:00:00.0:   bridge window [mem pref disabled]
[Fri May 09 20:18:41.686 2014] <6>PCIE3 link=0
[Fri May 09 20:18:41.686 2014] <5>VFS: Disk quotas dquot_6.5.2
[Fri May 09 20:18:41.702 2014] <4>Dquot-cache hash table entries: 1024 (order 0, 4096 bytes)
[Fri May 09 20:18:41.702 2014] <6>squashfs: version 4.0 (2009/01/31) Phillip Lougher
[Fri May 09 20:18:41.702 2014] <6>JFFS2 version 2.2. (NAND)  2001-2006 Red Hat, Inc.
[Fri May 09 20:18:41.702 2014] <6>fuse init (API version 7.15)
[Fri May 09 20:18:41.717 2014] <6>msgmni has been set to 497
[Fri May 09 20:18:41.717 2014] <6>io scheduler noop registered (default)
[Fri May 09 20:18:41.717 2014] <6>io scheduler deadline registered
[Fri May 09 20:18:41.717 2014] <6>io scheduler cfq registered
[Fri May 09 20:18:41.717 2014] <6>Serial: 8250/16550 driver, 2 ports, IRQ sharing disabled
[Fri May 09 20:18:41.733 2014] <6>serial8250.0: ttyS0 at MMIO 0x18000300 (irq = 117) is a 16550
[Fri May 09 20:18:41.733 2014] <6>console [ttyS0] enabled, bootconsole disabled
[Fri May 09 20:18:41.733 2014] <6>serial8250.0: ttyS1 at MMIO 0x18000400 (irq = 117) is a 16550
[Fri May 09 20:18:41.733 2014] <6>brd: module loaded
[Fri May 09 20:18:41.733 2014] <6>loop: module loaded
[Fri May 09 20:18:41.749 2014] <3>pflash: found no supported devices
[Fri May 09 20:18:41.749 2014] <3>bcmsflash: found no supported devices
[Fri May 09 20:18:41.749 2014] <4>Boot partition size = 524288(0x80000)
[Fri May 09 20:18:41.749 2014] <4>lookup_nflash_rootfs_offset: offset = 0x200000
[Fri May 09 20:18:41.764 2014] <5>nflash: squash filesystem with lzma found at block 31
[Fri May 09 20:18:41.764 2014] <5>Creating 17 MTD partitions on "nflash":
[Fri May 09 20:18:41.764 2014] <5>0x000000000000-0x000000080000 : "boot"
[Fri May 09 20:18:41.764 2014] <5>0x000000080000-0x000000200000 : "nvram"
[Fri May 09 20:18:41.780 2014] <5>0x000000200000-0x000002200000 : "linux"
[Fri May 09 20:18:41.780 2014] <5>0x0000003e0418-0x000002200000 : "rootfs"
[Fri May 09 20:18:41.780 2014] <5>0x000002200000-0x000002240000 : "board_data"
[Fri May 09 20:18:41.780 2014] <5>0x000002240000-0x000002280000 : "POT1"
[Fri May 09 20:18:41.795 2014] <5>0x000002280000-0x0000022c0000 : "POT2"
[Fri May 09 20:18:41.795 2014] <5>0x0000022c0000-0x000002340000 : "T_Meter1"
[Fri May 09 20:18:41.795 2014] <5>0x000002340000-0x0000023c0000 : "T_Meter2"
[Fri May 09 20:18:41.795 2014] <5>0x0000023c0000-0x000002400000 : "ML1"
[Fri May 09 20:18:41.811 2014] <5>0x000002400000-0x000002440000 : "ML2"
[Fri May 09 20:18:41.811 2014] <5>0x000002440000-0x000002480000 : "ML3"
[Fri May 09 20:18:41.811 2014] <5>0x000002480000-0x0000024c0000 : "ML4"
[Fri May 09 20:18:41.811 2014] <5>0x0000024c0000-0x000002500000 : "ML5"
[Fri May 09 20:18:41.811 2014] <5>0x000002500000-0x000002540000 : "ML6"
[Fri May 09 20:18:41.827 2014] <5>0x000002540000-0x000002580000 : "ML7"
[Fri May 09 20:18:41.827 2014] <5>0x000002580000-0x0000025c0000 : "QoSRule"
[Fri May 09 20:18:41.827 2014] <6>PPP generic driver version 2.4.2
[Fri May 09 20:18:41.827 2014] <6>NET: Registered protocol family 24
[Fri May 09 20:18:41.842 2014] <6>PPPoL2TP kernel driver, V0.17
[Fri May 09 20:18:41.842 2014] <6>tun: Universal TUN/TAP device driver, 1.6
[Fri May 09 20:18:41.842 2014] <6>tun: (C) 1999-2004 Max Krasnyansky <maxk@qualcomm.com>
[Fri May 09 20:18:41.858 2014] <6>ehci_hcd: USB 2.0 'Enhanced' Host Controller (EHCI) Driver
[Fri May 09 20:18:41.858 2014] <6>ehci_hcd 0000:00:0b.1: EHCI Host Controller
[Fri May 09 20:18:41.858 2014] <6>ehci_hcd 0000:00:0b.1: new USB bus registered, assigned bus number 1
[Fri May 09 20:18:41.858 2014] <6>ehci_hcd 0000:00:0b.1: irq 111, io mem 0x18021000
[Fri May 09 20:18:41.873 2014] <6>ehci_hcd 0000:00:0b.1: USB 0.0 started, EHCI 1.00
[Fri May 09 20:18:41.873 2014] <6>hub 1-0:1.0: USB hub found
[Fri May 09 20:18:41.873 2014] <6>hub 1-0:1.0: 2 ports detected
[Fri May 09 20:18:41.889 2014] <6>ohci_hcd: USB 1.1 'Open' Host Controller (OHCI) Driver
[Fri May 09 20:18:41.889 2014] <6>ohci_hcd 0000:00:0b.0: OHCI Host Controller
[Fri May 09 20:18:41.889 2014] <6>ohci_hcd 0000:00:0b.0: new USB bus registered, assigned bus number 2
[Fri May 09 20:18:41.889 2014] <6>ohci_hcd 0000:00:0b.0: irq 111, io mem 0x18022000
[Fri May 09 20:18:41.905 2014] <6>hub 2-0:1.0: USB hub found
[Fri May 09 20:18:41.905 2014] <6>hub 2-0:1.0: 2 ports detected
[Fri May 09 20:18:41.905 2014] <6>xhci_hcd 0000:00:0c.0: xHCI Host Controller
[Fri May 09 20:18:41.905 2014] <6>xhci_hcd 0000:00:0c.0: new USB bus registered, assigned bus number 3
[Fri May 09 20:18:41.920 2014] <6>xhci_hcd 0000:00:0c.0: irq 112, io mem 0x18023000
[Fri May 09 20:18:41.920 2014] <3>xhci_hcd 0000:00:0c.0: Failed to enable MSI-X
[Fri May 09 20:18:41.920 2014] <3>xhci_hcd 0000:00:0c.0: failed to allocate MSI entry
[Fri May 09 20:18:41.936 2014] <4>usb usb3: No SuperSpeed endpoint companion for config 1  interface 0 altsetting 0 ep 129: using minimum values
[Fri May 09 20:18:41.936 2014] <7>xHCI xhci_add_endpoint called for root hub
[Fri May 09 20:18:41.936 2014] <7>xHCI xhci_check_bandwidth called for root hub
[Fri May 09 20:18:41.951 2014] <6>hub 3-0:1.0: USB hub found
[Fri May 09 20:18:41.951 2014] <6>hub 3-0:1.0: 1 port detected
[Fri May 09 20:18:41.951 2014] <4>csw_retry 100
[Fri May 09 20:18:41.951 2014] <6>Initializing USB Mass Storage driver...
[Fri May 09 20:18:41.967 2014] <6>usbcore: registered new interface driver usb-storage
[Fri May 09 20:18:41.967 2014] <6>USB Mass Storage support registered.
[Fri May 09 20:18:41.967 2014] <6>u32 classifier
[Fri May 09 20:18:41.967 2014] <6>    Actions configured
[Fri May 09 20:18:41.967 2014] <6>ip_tables: (C) 2000-2006 Netfilter Core Team
[Fri May 09 20:18:41.983 2014] <6>TCP cubic registered
[Fri May 09 20:18:41.983 2014] <6>NET: Registered protocol family 10
[Fri May 09 20:18:41.983 2014] <6>lo: Disabled Privacy Extensions
[Fri May 09 20:18:41.983 2014] <6>IPv6 over IPv4 tunneling driver
[Fri May 09 20:18:41.983 2014] <6>sit0: Disabled Privacy Extensions
[Fri May 09 20:18:41.983 2014] <6>ip6tnl0: Disabled Privacy Extensions
[Fri May 09 20:18:41.998 2014] <6>NET: Registered protocol family 17
[Fri May 09 20:18:41.998 2014] <6>802.1Q VLAN Support v1.8 Ben Greear <greearb@candelatech.com>
[Fri May 09 20:18:41.998 2014] <6>All bugs added by David S. Miller <davem@redhat.com>
[Fri May 09 20:18:42.014 2014] <6>Northstar brcmnand NAND Flash Controller driver, Version 0.1 (c) Broadcom Inc. 2012
[Fri May 09 20:18:42.014 2014] <6>NAND device: Manufacturer ID: 0xec, Chip ID: 0xf1 (Samsung NAND 128MiB 3,3V 8-bit)
[Fri May 09 20:18:42.014 2014] <4>Spare area=64 eccbytes 56, ecc bytes located at:
[Fri May 09 20:18:42.029 2014] <4> 2 3 4 5 6 7 8 9 10 11 12 13 14 15 18 19 20 21 22 23 24 25 26 27 28 29 30 31 34 35 36 37 38 39 40 41 42 43 44 45 46 47 50 51 52 53 54 55 56 57 58 59 60 61 62 63
[Fri May 09 20:18:42.045 2014] <4>Available 7 bytes at (off,len):
[Fri May 09 20:18:42.045 2014] <4>(1,1) (16,2) (32,2) (48,2) (0,0) (0,0) (0,0) (0,0) 
[Fri May 09 20:18:42.045 2014] <6>Scanning device for bad blocks
[Fri May 09 20:18:42.045 2014] <4>Bad eraseblock 455 at 0x0000038e0000
[Fri May 09 20:18:42.061 2014] <4>Bad eraseblock 576 at 0x000004800000
[Fri May 09 20:18:42.061 2014] <4>Options: NO_AUTOINCR,NO_PADDING,CACHEPRG,COPYBACK,NO_READRDY,BBT_SCAN2NDPAGE,
[Fri May 09 20:18:42.061 2014] <5>Creating 2 MTD partitions on "brcmnand":
[Fri May 09 20:18:42.076 2014] <5>0x000002600000-0x000007b00000 : "brcmnand"
[Fri May 09 20:18:42.076 2014] <5>0x000007b00000-0x000008000000 : "OpenVPN"
[Fri May 09 20:18:42.076 2014] <3>SQUASHFS error: Xattrs in filesystem, these will be ignored
[Fri May 09 20:18:42.092 2014] <4>VFS: Mounted root (squashfs filesystem) readonly on device 31:3.
[Fri May 09 20:18:42.092 2014] <6>devtmpfs: mounted
[Fri May 09 20:18:42.092 2014] <6>Freeing init memory: 216K
[Fri May 09 20:18:42.092 2014] <4>ctf: module license 'Proprietary' taints kernel.
[Fri May 09 20:18:42.107 2014] <4>Disabling lock debugging due to kernel taint
[Fri May 09 20:18:42.107 2014] <0>Initialise conn table 2048 entries
[Fri May 09 20:18:42.107 2014] <4>et_module_init: passivemode set to 0x0
[Fri May 09 20:18:42.107 2014] <4>et_module_init: txworkq set to 0x0
[Fri May 09 20:18:42.107 2014] <4>et_module_init: et_txq_thresh set to 0x400
[Fri May 09 20:18:42.123 2014] <4>eth0: Broadcom BCM47XX 10/100/1000 Mbps Ethernet Controller 6.37.15 (TOB) (r406440)
[Fri May 09 20:18:42.123 2014] <4>wl_module_init: passivemode set to 0x0
[Fri May 09 20:18:42.123 2014] <4>wl_module_init: txworkq set to 0x0
[Fri May 09 20:18:42.139 2014] <4>eth1: Broadcom BCM4360 802.11 Wireless Controller 6.37.15 (TOB) (r465460 BCMDBG_DUMP CTRACE)
[Fri May 09 20:18:42.139 2014] <4>eth2: Broadcom BCM4360 802.11 Wireless Controller 6.37.15 (TOB) (r465460 BCMDBG_DUMP CTRACE)
[Fri May 09 20:18:42.154 2014] <6>device vlan1 entered promiscuous mode
[Fri May 09 20:18:42.154 2014] <6>device eth0 entered promiscuous mode
[Fri May 09 20:18:42.154 2014] <6>device eth1 entered promiscuous mode
[Fri May 09 20:18:42.154 2014] <6>device eth2 entered promiscuous mode
[Fri May 09 20:18:42.170 2014] <6>device wl0.1 entered promiscuous mode
[Fri May 09 20:18:42.170 2014] <6>device wl1.1 entered promiscuous mode
[Fri May 09 20:18:42.170 2014] <6>br0: port 5(wl1.1) entering forwarding state
[Fri May 09 20:18:42.170 2014] <6>br0: port 5(wl1.1) entering forwarding state
[Fri May 09 20:18:42.185 2014] <6>br0: port 4(wl0.1) entering forwarding state
[Fri May 09 20:18:42.185 2014] <6>br0: port 4(wl0.1) entering forwarding state
[Fri May 09 20:18:42.185 2014] <6>br0: port 3(eth2) entering forwarding state
[Fri May 09 20:18:42.201 2014] <6>br0: port 3(eth2) entering forwarding state
[Fri May 09 20:18:42.201 2014] <6>br0: port 2(eth1) entering forwarding state
[Fri May 09 20:18:42.201 2014] <6>br0: port 2(eth1) entering forwarding state
[Fri May 09 20:18:42.201 2014] <6>br0: port 1(vlan1) entering forwarding state
[Fri May 09 20:18:42.217 2014] <6>br0: port 1(vlan1) entering forwarding state
[Fri May 09 20:18:42.217 2014] <4>br0: received packet on eth1 with own address as source address
[Fri May 09 20:18:42.217 2014] <4>br0: received packet on wl1.1 with own address as source address
[Fri May 09 20:18:42.232 2014] <4>br0: received packet on eth1 with own address as source address
[Fri May 09 20:18:42.232 2014] <5>ufsd: driver (8.6, May 22 2013 11:38:19, LBD=ON, delalloc, acl, ioctl, ugm, rwm) loaded at bfa48000
[Fri May 09 20:18:42.232 2014] <5>NTFS (with native replay) support included
[Fri May 09 20:18:42.248 2014] <5>optimized: speed
[Fri May 09 20:18:42.248 2014] <5>Build_for__Netgear_R6300v2_2.6.36_2012-09-27_U86_r190243_b4
[Fri May 09 20:18:42.248 2014] <5>
[Fri May 09 20:18:42.248 2014] <0>acosFW_accessCtrlEnable 2683 bEnable: 1
[Fri May 09 20:18:42.263 2014] <0>acosFW_accessCtrlMode 2690 mode: 0
[Fri May 09 20:18:42.263 2014] <0>acosFW_accessCtrlConfig 2697
[Fri May 09 20:18:42.263 2014] <7>eth1: no IPv6 routers present
[Fri May 09 20:18:42.263 2014] <7>eth2: no IPv6 routers present
[Fri May 09 20:18:42.263 2014] <0>agnat QOS disable!
[Fri May 09 20:18:42.279 2014] <4>BRCTL_SET_ACCESS_CONTROL_MODE>> mode 0
[Fri May 09 20:18:42.279 2014] <4>BRCTL_SET_ACCESS_CONTROL_MODE>> gAccessControlMode  0
[Fri May 09 20:18:42.279 2014] <1>kcg 323 :GPL NetUSB up!
[Fri May 09 20:18:42.279 2014] <1>kc   90 : run_telnetDBGDServer start 
[Fri May 09 20:18:42.295 2014] <1>kc  227 : init_DebugD end
[Fri May 09 20:18:42.295 2014] <1>INFO17EA: NetUSB 1.02.41, 00020624 : May 29 2013 18:04:45
[Fri May 09 20:18:42.295 2014] <1>INFO17EC:  AUTH ISOC
[Fri May 09 20:18:42.295 2014] <1>INFO17ED:  MOVE_HEAD emb_lp filterAudio
[Fri May 09 20:18:42.295 2014] <1>INFO0708:  0 : tunnelID emusblp 0 
[Fri May 09 20:18:42.310 2014] <1>INFO0708:  1 : tunnelID emusblp 1 
[Fri May 09 20:18:42.310 2014] <1>INFO0708:  2 : tunnelID emusblp 2 
[Fri May 09 20:18:42.310 2014] <1>INFO0708:  3 : tunnelID emusblp 3 
[Fri May 09 20:18:42.310 2014] <1>INFO0708:  4 : tunnelID emusblp 4 
[Fri May 09 20:18:42.310 2014] <1>INFO0708:  5 : tunnelID emusblp 5 
[Fri May 09 20:18:42.326 2014] <1>INFO0708:  6 : tunnelID emusblp 6 
[Fri May 09 20:18:42.326 2014] <1>INFO0708:  7 : tunnelID emusblp 7 
[Fri May 09 20:18:42.326 2014] <1>INFO0708:  8 : tunnelID emusblp 8 
[Fri May 09 20:18:42.326 2014] <1>INFO0708:  9 : tunnelID emusblp 9 
[Fri May 09 20:18:42.341 2014] <6>usbcore: registered new interface driver KC NetUSB General Driver
[Fri May 09 20:18:42.341 2014] <1>INFO0AD9:  --- checkSBusTimeoutThread start ---
[Fri May 09 20:18:42.341 2014] <1>INFO0120:  init proc : PAGE_SIZE 4096
[Fri May 09 20:18:42.357 2014] <1>INFO16BE:  infomap bfabfa40 
[Fri May 09 20:18:42.357 2014] <1>INFO16C1:  sleep to wait br0 to wake up
[Fri May 09 20:18:42.357 2014] <1>INFO02D0:  use dev Name br0 
[Fri May 09 20:18:42.357 2014] <1>INFO16CA:  sleep to wait br0 end.
[Fri May 09 20:18:42.357 2014] <1>INFO16E3:  UDP_BROAD 7423 tcpPort:20005 
[Fri May 09 20:18:42.373 2014] <1>INFO02D0:  use dev Name br0 
[Fri May 09 20:18:42.373 2014] <1>INFO15CA: tcpConnector() started...
[Fri May 09 20:18:42.373 2014] <0>IOCTL_AG_REGION_SET: English
[Fri May 09 20:18:42.373 2014] <4>Attempt to kill tasklet from interrupt
[Fri May 09 20:18:42.388 2014] <6>device eth0 left promiscuous mode
[Fri May 09 20:18:42.388 2014] <6>br0: port 1(vlan1) entering forwarding state
[Fri May 09 20:18:42.388 2014] <6>device eth0 entered promiscuous mode
[Fri May 09 20:18:42.388 2014] <6>br0: port 1(vlan1) entering forwarding state
[Fri May 09 20:18:42.388 2014] <6>br0: port 1(vlan1) entering forwarding state
[Fri May 09 20:18:42.404 2014] <0>ACOSNAT: Set BCMCTF to off
[Fri May 09 20:18:42.404 2014] <0>ACOSNAT: Set NAT for LAN domain only to on
[Fri May 09 20:18:42.404 2014] <4>ACOSNAT: NAT for LAN domain only is ON, addr=0101a8c0,mask=00ffffff
[Fri May 09 20:18:42.404 2014] <1>INFO14A7: Bind to br0
[Fri May 09 20:18:42.419 2014] <4>br0: received packet on eth1 with own address as source address
[Fri May 09 20:18:42.419 2014] <4>br0: received packet on eth1 with own address as source address
[Fri May 09 20:18:42.419 2014] <4>br0: received packet on eth1 with own address as source address
[Fri May 09 20:18:42.435 2014] <4>br0: received packet on eth1 with own address as source address
[Fri May 09 20:18:42.435 2014] <4>br0: received packet on eth1 with own address as source address
[Fri May 09 20:18:42.435 2014] <4>br0: received packet on eth1 with own address as source address
[Fri May 09 20:18:42.451 2014] <4>br0: received packet on eth1 with own address as source address
[Fri May 09 20:18:42.451 2014] <4>br0: received packet on eth1 with own address as source address
[Fri May 09 20:18:42.466 2014] <4>br0: received packet on eth1 with own address as source address
[Fri May 09 20:18:42.466 2014] <4>br0: received packet on eth1 with own address as source address
[Fri May 09 20:18:42.466 2014] <4>net_ratelimit: 45 callbacks suppressed
[Fri May 09 20:18:42.482 2014] <4>br0: received packet on eth1 with own address as source address
[Fri May 09 20:18:42.482 2014] <4>br0: received packet on eth1 with own address as source address
[Fri May 09 20:18:42.482 2014] <4>br0: received packet on eth1 with own address as source address
[Fri May 09 20:18:42.497 2014] <4>br0: received packet on eth1 with own address as source address
[Fri May 09 20:18:42.497 2014] <4>br0: received packet on eth1 with own address as source address
[Fri May 09 20:18:42.497 2014] <4>br0: received packet on eth1 with own address as source address
[Fri May 09 20:18:42.513 2014] <4>br0: received packet on eth1 with own address as source address
[Fri May 09 20:18:42.513 2014] <4>br0: received packet on eth1 with own address as source address
[Fri May 09 20:18:42.529 2014] <4>br0: received packet on eth1 with own address as source address
[Fri May 09 20:18:42.529 2014] <4>br0: received packet on eth1 with own address as source address
[Fri May 09 20:18:42.529 2014] <4>net_ratelimit: 24 callbacks suppressed
[Fri May 09 20:18:42.544 2014] <4>br0: received packet on eth1 with own address as source address
[Fri May 09 20:18:42.544 2014] <4>br0: received packet on eth1 with own address as source address
[Fri May 09 20:18:42.544 2014] <4>br0: received packet on eth1 with own address as source address
[Fri May 09 20:18:42.560 2014] <4>br0: received packet on eth1 with own address as source address
[Fri May 09 20:18:42.560 2014] <4>br0: received packet on eth1 with own address as source address
[Fri May 09 20:18:42.560 2014] <4>br0: received packet on eth1 with own address as source address
[Fri May 09 20:18:42.575 2014] <4>br0: received packet on eth1 with own address as source address
[Fri May 09 20:18:42.575 2014] <4>br0: received packet on eth1 with own address as source address
[Fri May 09 20:18:42.591 2014] <4>br0: received packet on eth1 with own address as source address
[Fri May 09 20:18:42.591 2014] <4>br0: received packet on eth1 with own address as source address
[Fri May 09 20:18:42.591 2014] <4>br0: received packet on eth1 with own address as source address
[Fri May 09 20:18:42.607 2014] <4>br0: received packet on eth1 with own address as source address
[Fri May 09 20:18:42.607 2014] <4>br0: received packet on eth1 with own address as source address
[Fri May 09 20:18:42.607 2014] <4>br0: received packet on eth1 with own address as source address
[Fri May 09 20:18:42.622 2014] <4>br0: received packet on eth1 with own address as source address
[Fri May 09 20:18:42.622 2014] <4>br0: received packet on eth1 with own address as source address
[Fri May 09 20:18:42.638 2014] <4>br0: received packet on eth1 with own address as source address
[Fri May 09 20:18:42.638 2014] <4>br0: received packet on eth1 with own address as source address
[Fri May 09 20:18:42.638 2014] <4>br0: received packet on wl1.1 with own address as source address
[Fri May 09 20:19:17.395 2014] <4>net_ratelimit: 2 callbacks suppressed
[Fri May 09 20:19:17.410 2014] <4>br0: received packet on eth1 with own address as source address
[Fri May 09 20:19:17.410 2014] <4>br0: received packet on eth1 with own address as source address
[Fri May 09 20:19:17.426 2014] <4>br0: received packet on eth1 with own address as source address
[Fri May 09 20:19:17.442 2014] <4>br0: received packet on eth1 with own address as source address
[Fri May 09 20:19:17.473 2014] <4>br0: received packet on eth1 with own address as source address
[Fri May 09 20:19:17.488 2014] <4>br0: received packet on eth1 with own address as source address
[Fri May 09 20:19:17.504 2014] <4>br0: received packet on eth1 with own address as source address
[Fri May 09 20:19:17.504 2014] <4>br0: received packet on eth1 with own address as source address
[Fri May 09 20:19:17.535 2014] <4>br0: received packet on eth1 with own address as source address
[Fri May 09 20:19:17.582 2014] <4>br0: received packet on eth1 with own address as source address
[Fri May 09 20:19:22.558 2014] <4>net_ratelimit: 9 callbacks suppressed
[Fri May 09 20:19:22.558 2014] <4>br0: received packet on eth1 with own address as source address
[Fri May 09 20:19:24.742 2014] <4>br0: received packet on eth1 with own address as source address
[Fri May 09 20:19:24.758 2014] <4>br0: received packet on eth1 with own address as source address
[Fri May 09 20:19:24.789 2014] <4>br0: received packet on eth1 with own address as source address
[Fri May 09 20:19:24.836 2014] <4>br0: received packet on eth1 with own address as source address
[Fri May 09 20:19:24.883 2014] <4>br0: received packet on eth1 with own address as source address
[Fri May 09 20:19:24.883 2014] <4>br0: received packet on eth1 with own address as source address
[Fri May 09 20:19:24.914 2014] <4>br0: received packet on eth1 with own address as source address
[Fri May 09 20:19:24.930 2014] <4>br0: received packet on eth1 with own address as source address
[Fri May 09 20:19:24.945 2014] <4>br0: received packet on eth1 with own address as source address
[Fri May 09 20:20:21.979 2014] <4>net_ratelimit: 10 callbacks suppressed
[Fri May 09 20:20:21.979 2014] <4>br0: received packet on eth1 with own address as source address
[Fri May 09 20:20:21.994 2014] <4>br0: received packet on eth1 with own address as source address
[Fri May 09 20:20:22.010 2014] <4>br0: received packet on eth1 with own address as source address
[Fri May 09 20:20:22.026 2014] <4>br0: received packet on eth1 with own address as source address
[Fri May 09 20:20:22.057 2014] <4>br0: received packet on eth1 with own address as source address
[Fri May 09 20:20:22.088 2014] <4>br0: received packet on eth1 with own address as source address
[Fri May 09 20:20:22.104 2014] <4>br0: received packet on eth1 with own address as source address
[Fri May 09 20:20:22.166 2014] <4>br0: received packet on eth1 with own address as source address
[Fri May 09 20:20:22.166 2014] <4>br0: received packet on eth1 with own address as source address
[Fri May 09 20:20:22.182 2014] <4>br0: received packet on eth1 with own address as source address
[Fri May 09 20:20:28.281 2014] <4>net_ratelimit: 4 callbacks suppressed
[Fri May 09 20:20:28.281 2014] <4>br0: received packet on eth1 with own address as source address
[Fri May 09 20:20:28.796 2014] <4>br0: received packet on eth1 with own address as source address
[Fri May 09 20:20:28.827 2014] <4>br0: received packet on eth1 with own address as source address
[Fri May 09 20:20:29.919 2014] <4>br0: received packet on eth1 with own address as source address
[Fri May 09 20:20:32.478 2014] <4>br0: received packet on eth1 with own address as source address
[Fri May 09 20:20:32.493 2014] <4>br0: received packet on eth1 with own address as source address
[Fri May 09 20:20:32.509 2014] <4>br0: received packet on eth1 with own address as source address
[Fri May 09 20:20:32.509 2014] <4>br0: received packet on eth1 with own address as source address
[Fri May 09 20:20:32.587 2014] <4>br0: received packet on eth1 with own address as source address
[Fri May 09 20:20:32.727 2014] <4>br0: received packet on eth1 with own address as source address
[Fri May 09 20:21:26.532 2014] <4>net_ratelimit: 18 callbacks suppressed
[Fri May 09 20:21:26.532 2014] <4>br0: received packet on eth1 with own address as source address
[Fri May 09 20:21:26.547 2014] <4>br0: received packet on eth1 with own address as source address
[Fri May 09 20:21:26.563 2014] <4>br0: received packet on eth1 with own address as source address
[Fri May 09 20:21:26.641 2014] <4>br0: received packet on eth1 with own address as source address
[Fri May 09 20:21:26.781 2014] <4>br0: received packet on eth1 with own address as source address
[Fri May 09 20:21:26.828 2014] <4>br0: received packet on eth1 with own address as source address
[Fri May 09 20:21:31.945 2014] <4>br0: received packet on eth1 with own address as source address
[Fri May 09 20:21:31.976 2014] <4>br0: received packet on eth1 with own address as source address
[Fri May 09 20:21:32.397 2014] <4>br0: received packet on eth1 with own address as source address
[Fri May 09 20:21:32.413 2014] <4>br0: received packet on eth1 with own address as source address
[Fri May 09 20:21:32.943 2014] <4>br0: received packet on eth1 with own address as source address
[Fri May 09 20:21:33.365 2014] <4>br0: received packet on eth1 with own address as source address
[Fri May 09 20:21:33.911 2014] <4>br0: received packet on eth1 with own address as source address
[Fri May 09 20:21:33.942 2014] <4>br0: received packet on eth1 with own address as source address
[Fri May 09 20:21:34.394 2014] <4>br0: received packet on eth1 with own address as source address
[Fri May 09 20:21:35.034 2014] <4>br0: received packet on eth1 with own address as source address
[Fri May 09 20:21:37.015 2014] <4>net_ratelimit: 5 callbacks suppressed
[Fri May 09 20:21:37.015 2014] <4>br0: received packet on eth1 with own address as source address
[Fri May 09 20:21:40.166 2014] <4>br0: received packet on eth1 with own address as source address
[Fri May 09 20:21:40.182 2014] <4>br0: received packet on eth1 with own address as source address
[Fri May 09 20:21:40.182 2014] <4>br0: received packet on eth1 with own address as source address
[Fri May 09 20:21:40.353 2014] <4>br0: received packet on eth1 with own address as source address
[Fri May 09 20:21:40.369 2014] <4>br0: received packet on eth1 with own address as source address
[Fri May 09 20:21:40.369 2014] <4>br0: received packet on eth1 with own address as source address
[Fri May 09 20:21:40.385 2014] <4>br0: received packet on eth1 with own address as source address
[Fri May 09 20:21:40.385 2014] <4>br0: received packet on eth1 with own address as source address
[Fri May 09 20:21:40.400 2014] <4>br0: received packet on eth1 with own address as source address
[Fri May 09 20:22:31.225 2014] <4>net_ratelimit: 18 callbacks suppressed
[Fri May 09 20:22:31.241 2014] <4>br0: received packet on eth1 with own address as source address
[Fri May 09 20:22:31.241 2014] <4>br0: received packet on eth1 with own address as source address
[Fri May 09 20:22:31.256 2014] <4>br0: received packet on eth1 with own address as source address
[Fri May 09 20:22:31.287 2014] <4>br0: received packet on eth1 with own address as source address
[Fri May 09 20:22:31.303 2014] <4>br0: received packet on eth1 with own address as source address
[Fri May 09 20:22:31.319 2014] <4>br0: received packet on eth1 with own address as source address
[Fri May 09 20:22:31.334 2014] <4>br0: received packet on eth1 with own address as source address
[Fri May 09 20:22:39.041 2014] <4>br0: received packet on eth1 with own address as source address
[Fri May 09 20:22:39.555 2014] <4>br0: received packet on eth1 with own address as source address
[Fri May 09 20:22:39.587 2014] <4>br0: received packet on eth1 with own address as source address
[Fri May 09 20:22:40.101 2014] <4>br0: received packet on eth1 with own address as source address
[Fri May 09 20:22:40.585 2014] <4>br0: received packet on eth1 with own address as source address
[Fri May 09 20:22:40.616 2014] <4>br0: received packet on eth1 with own address as source address
[Fri May 09 20:22:41.147 2014] <4>br0: received packet on eth1 with own address as source address
[Fri May 09 20:22:41.162 2014] <4>br0: received packet on eth1 with own address as source address
[Fri May 09 20:22:41.615 2014] <4>br0: received packet on eth1 with own address as source address
[Fri May 09 20:22:41.646 2014] <4>br0: received packet on eth1 with own address as source address
[Fri May 09 20:22:48.057 2014] <4>net_ratelimit: 5 callbacks suppressed
[Fri May 09 20:22:48.073 2014] <4>br0: received packet on eth1 with own address as source address
[Fri May 09 20:22:48.073 2014] <4>br0: received packet on eth1 with own address as source address
[Fri May 09 20:22:48.073 2014] <4>br0: received packet on eth1 with own address as source address
[Fri May 09 20:22:48.089 2014] <4>br0: received packet on eth1 with own address as source address
[Fri May 09 20:22:48.120 2014] <4>br0: received packet on eth1 with own address as source address
[Fri May 09 20:22:48.135 2014] <4>br0: received packet on eth1 with own address as source address
[Fri May 09 20:22:48.135 2014] <4>br0: received packet on eth1 with own address as source address
[Fri May 09 20:22:48.151 2014] <4>br0: received packet on eth1 with own address as source address
[Fri May 09 20:22:48.167 2014] <4>br0: received packet on eth1 with own address as source address
[Fri May 09 20:22:48.167 2014] <4>br0: received packet on eth1 with own address as source address
[Fri May 09 20:23:20.829 2014] <4>net_ratelimit: 21 callbacks suppressed
[Fri May 09 20:23:20.844 2014] <4>br0: received packet on eth1 with own address as source address
[Fri May 09 20:23:21.172 2014] <4>br0: received packet on eth1 with own address as source address
[Fri May 09 20:23:21.344 2014] <4>br0: received packet on eth1 with own address as source address
[Fri May 09 20:23:21.531 2014] <4>br0: received packet on eth1 with own address as source address
[Fri May 09 20:23:35.774 2014] <4>br0: received packet on eth1 with own address as source address
[Fri May 09 20:23:35.774 2014] <4>br0: received packet on eth1 with own address as source address
[Fri May 09 20:23:35.789 2014] <4>br0: received packet on eth1 with own address as source address
[Fri May 09 20:23:35.836 2014] <4>br0: received packet on eth1 with own address as source address
[Fri May 09 20:23:46.319 2014] <4>br0: received packet on eth1 with own address as source address
[Fri May 09 20:23:46.335 2014] <4>br0: received packet on eth1 with own address as source address
[Fri May 09 20:23:46.818 2014] <4>br0: received packet on eth1 with own address as source address
[Fri May 09 20:23:46.834 2014] <4>br0: received packet on eth1 with own address as source address
[Fri May 09 20:23:47.786 2014] <4>br0: received packet on eth1 with own address as source address
[Fri May 09 20:23:47.801 2014] <4>br0: received packet on eth1 with own address as source address
[Fri May 09 20:23:48.378 2014] <4>br0: received packet on eth1 with own address as source address
[Fri May 09 20:23:48.410 2014] <4>br0: received packet on eth1 with own address as source address
[Fri May 09 20:23:48.815 2014] <4>br0: received packet on eth1 with own address as source address
[Fri May 09 20:23:49.782 2014] <4>br0: received packet on eth1 with own address as source address
[Fri May 09 20:23:51.420 2014] <4>net_ratelimit: 3 callbacks suppressed
[Fri May 09 20:23:51.420 2014] <4>br0: received packet on eth1 with own address as source address
[Fri May 09 20:23:51.436 2014] <4>br0: received packet on eth1 with own address as source address
[Fri May 09 20:23:56.038 2014] <4>br0: received packet on eth1 with own address as source address
[Fri May 09 20:23:56.038 2014] <4>br0: received packet on eth1 with own address as source address
[Fri May 09 20:23:56.100 2014] <4>br0: received packet on eth1 with own address as source address
[Fri May 09 20:23:56.116 2014] <4>br0: received packet on eth1 with own address as source address
[Fri May 09 20:23:56.132 2014] <4>br0: received packet on eth1 with own address as source address
[Fri May 09 20:23:56.147 2014] <4>br0: received packet on eth1 with own address as source address
[Fri May 09 20:23:56.288 2014] <4>br0: received packet on eth1 with own address as source address
[Fri May 09 20:23:56.288 2014] <4>br0: received packet on eth1 with own address as source address
[Fri May 09 20:23:57.005 2014] <4>net_ratelimit: 5 callbacks suppressed
[Fri May 09 20:23:57.005 2014] <4>br0: received packet on eth1 with own address as source address
[Fri May 09 20:23:57.021 2014] <4>br0: received packet on eth1 with own address as source address
[Fri May 09 20:23:57.146 2014] <4>br0: received packet on eth1 with own address as source address
[Fri May 09 20:23:57.177 2014] <4>br0: received packet on eth1 with own address as source address
[Fri May 09 20:23:57.177 2014] <4>br0: received packet on eth1 with own address as source address
[Fri May 09 20:23:57.208 2014] <4>br0: received packet on eth1 with own address as source address
[Fri May 09 20:23:57.239 2014] <4>br0: received packet on eth1 with own address as source address
[Fri May 09 20:23:57.255 2014] <4>br0: received packet on eth1 with own address as source address
[Fri May 09 20:23:57.270 2014] <4>br0: received packet on eth1 with own address as source address
[Fri May 09 20:23:57.286 2014] <4>br0: received packet on eth1 with own address as source address
[Fri May 09 20:24:40.311 2014] <4>net_ratelimit: 1 callbacks suppressed
[Fri May 09 20:24:40.311 2014] <4>br0: received packet on eth1 with own address as source address
[Fri May 09 20:24:40.326 2014] <4>br0: received packet on eth1 with own address as source address
[Fri May 09 20:24:40.389 2014] <4>br0: received packet on eth1 with own address as source address
[Fri May 09 20:24:40.404 2014] <4>br0: received packet on eth1 with own address as source address
[Fri May 09 20:24:40.404 2014] <4>br0: received packet on eth1 with own address as source address
[Fri May 09 20:24:40.545 2014] <4>br0: received packet on eth1 with own address as source address
[Fri May 09 20:24:40.592 2014] <4>br0: received packet on eth1 with own address as source address
[Fri May 09 20:24:53.493 2014] <4>br0: received packet on eth1 with own address as source address
[Fri May 09 20:24:53.883 2014] <4>br0: received packet on eth1 with own address as source address
[Fri May 09 20:24:53.914 2014] <4>br0: received packet on eth1 with own address as source address
[Fri May 09 20:24:54.928 2014] <4>br0: received packet on eth1 with own address as source address
[Fri May 09 20:24:54.944 2014] <4>br0: received packet on eth1 with own address as source address
[Fri May 09 20:24:55.427 2014] <4>br0: received packet on eth1 with own address as source address
[Fri May 09 20:24:55.459 2014] <4>br0: received packet on eth1 with own address as source address
[Fri May 09 20:24:56.020 2014] <4>br0: received packet on eth1 with own address as source address
[Fri May 09 20:24:56.535 2014] <4>br0: received packet on eth1 with own address as source address
[Fri May 09 20:24:56.972 2014] <4>br0: received packet on eth1 with own address as source address
[Fri May 09 20:25:04.007 2014] <4>net_ratelimit: 5 callbacks suppressed
[Fri May 09 20:25:04.007 2014] <4>br0: received packet on eth1 with own address as source address
[Fri May 09 20:25:04.007 2014] <4>br0: received packet on eth1 with own address as source address
[Fri May 09 20:25:04.070 2014] <4>br0: received packet on eth1 with own address as source address
